Component: Arm Compiler for Embedded 6.21 Tool: armlink [5ec1fa00]

==============================================================================

Section Cross References

    startup_stm32f103xb.o(STACK) refers (Special) to heapauxi.o(.text) for __use_two_region_memory
    startup_stm32f103xb.o(HEAP) refers (Special) to heapauxi.o(.text) for __use_two_region_memory
    startup_stm32f103xb.o(RESET) refers (Special) to heapauxi.o(.text) for __use_two_region_memory
    startup_stm32f103xb.o(RESET) refers to startup_stm32f103xb.o(STACK) for __initial_sp
    startup_stm32f103xb.o(RESET) refers to startup_stm32f103xb.o(.text) for Reset_Handler
    startup_stm32f103xb.o(RESET) refers to stm32f1xx_it.o(.text.NMI_Handler) for NMI_Handler
    startup_stm32f103xb.o(RESET) refers to stm32f1xx_it.o(.text.HardFault_Handler) for HardFault_Handler
    startup_stm32f103xb.o(RESET) refers to stm32f1xx_it.o(.text.MemManage_Handler) for MemManage_Handler
    startup_stm32f103xb.o(RESET) refers to stm32f1xx_it.o(.text.BusFault_Handler) for BusFault_Handler
    startup_stm32f103xb.o(RESET) refers to stm32f1xx_it.o(.text.UsageFault_Handler) for UsageFault_Handler
    startup_stm32f103xb.o(RESET) refers to port.o(.text.SVC_Handler) for SVC_Handler
    startup_stm32f103xb.o(RESET) refers to stm32f1xx_it.o(.text.DebugMon_Handler) for DebugMon_Handler
    startup_stm32f103xb.o(RESET) refers to port.o(.text.PendSV_Handler) for PendSV_Handler
    startup_stm32f103xb.o(RESET) refers to port.o(.text.SysTick_Handler) for SysTick_Handler
    startup_stm32f103xb.o(RESET) refers to stm32f1xx_it.o(.text.DMA1_Channel3_IRQHandler) for DMA1_Channel3_IRQHandler
    startup_stm32f103xb.o(RESET) refers to stm32f1xx_it.o(.text.DMA1_Channel4_IRQHandler) for DMA1_Channel4_IRQHandler
    startup_stm32f103xb.o(RESET) refers to stm32f1xx_it.o(.text.DMA1_Channel5_IRQHandler) for DMA1_Channel5_IRQHandler
    startup_stm32f103xb.o(RESET) refers to stm32f1xx_it.o(.text.DMA1_Channel6_IRQHandler) for DMA1_Channel6_IRQHandler
    startup_stm32f103xb.o(RESET) refers to stm32f1xx_it.o(.text.DMA1_Channel7_IRQHandler) for DMA1_Channel7_IRQHandler
    startup_stm32f103xb.o(RESET) refers to stm32f1xx_it.o(.text.USB_HP_CAN1_TX_IRQHandler) for USB_HP_CAN1_TX_IRQHandler
    startup_stm32f103xb.o(RESET) refers to stm32f1xx_it.o(.text.USB_LP_CAN1_RX0_IRQHandler) for USB_LP_CAN1_RX0_IRQHandler
    startup_stm32f103xb.o(RESET) refers to stm32f1xx_it.o(.text.TIM1_UP_IRQHandler) for TIM1_UP_IRQHandler
    startup_stm32f103xb.o(RESET) refers to stm32f1xx_it.o(.text.TIM2_IRQHandler) for TIM2_IRQHandler
    startup_stm32f103xb.o(RESET) refers to stm32f1xx_it.o(.text.USART1_IRQHandler) for USART1_IRQHandler
    startup_stm32f103xb.o(RESET) refers to stm32f1xx_it.o(.text.USART2_IRQHandler) for USART2_IRQHandler
    startup_stm32f103xb.o(RESET) refers to stm32f1xx_it.o(.text.USART3_IRQHandler) for USART3_IRQHandler
    startup_stm32f103xb.o(.text) refers (Special) to heapauxi.o(.text) for __use_two_region_memory
    startup_stm32f103xb.o(.text) refers to system_stm32f1xx.o(.text.SystemInit) for SystemInit
    startup_stm32f103xb.o(.text) refers to __main.o(!!!main) for __main
    startup_stm32f103xb.o(.text) refers to startup_stm32f103xb.o(HEAP) for Heap_Mem
    startup_stm32f103xb.o(.text) refers to startup_stm32f103xb.o(STACK) for Stack_Mem
    main.o(.text.main) refers to stm32f1xx_hal.o(.text.HAL_Init) for HAL_Init
    main.o(.text.main) refers to stm32f1xx_hal_rcc.o(.text.HAL_RCC_OscConfig) for HAL_RCC_OscConfig
    main.o(.text.main) refers to stm32f1xx_hal_rcc.o(.text.HAL_RCC_ClockConfig) for HAL_RCC_ClockConfig
    main.o(.text.main) refers to gpio.o(.text.MX_GPIO_Init) for MX_GPIO_Init
    main.o(.text.main) refers to dma.o(.text.MX_DMA_Init) for MX_DMA_Init
    main.o(.text.main) refers to can.o(.text.MX_CAN_Init) for MX_CAN_Init
    main.o(.text.main) refers to tim.o(.text.MX_TIM2_Init) for MX_TIM2_Init
    main.o(.text.main) refers to usart.o(.text.MX_USART2_UART_Init) for MX_USART2_UART_Init
    main.o(.text.main) refers to usart.o(.text.MX_USART3_UART_Init) for MX_USART3_UART_Init
    main.o(.text.main) refers to usart.o(.text.MX_USART1_UART_Init) for MX_USART1_UART_Init
    main.o(.text.main) refers to freertos.o(.text.MX_FREERTOS_Init) for MX_FREERTOS_Init
    main.o(.text.main) refers to cmsis_os.o(.text.osKernelStart) for osKernelStart
    main.o(.ARM.exidx.text.main) refers to main.o(.text.main) for [Anonymous Symbol]
    main.o(.text.SystemClock_Config) refers to stm32f1xx_hal_rcc.o(.text.HAL_RCC_OscConfig) for HAL_RCC_OscConfig
    main.o(.text.SystemClock_Config) refers to stm32f1xx_hal_rcc.o(.text.HAL_RCC_ClockConfig) for HAL_RCC_ClockConfig
    main.o(.ARM.exidx.text.SystemClock_Config) refers to main.o(.text.SystemClock_Config) for [Anonymous Symbol]
    main.o(.ARM.exidx.text.Error_Handler) refers to main.o(.text.Error_Handler) for [Anonymous Symbol]
[...]
    ulMaxPRIGROUPValue                       0x200003a4   Data           4  port.o(.bss..L_MergedGlobals)
    .L_MergedGlobals                         0x200003a8   Data          76  all_init.o(.bss..L_MergedGlobals)
    [Anonymous Symbol]                       0x200003a8   Section        0  all_init.o(.bss..L_MergedGlobals)
    .L_MergedGlobals                         0x200003f8   Data          40  bsp_dwt.o(.bss..L_MergedGlobals)
    CPU_FREQ_Hz                              0x200003f8   Data           4  bsp_dwt.o(.bss..L_MergedGlobals)
    [Anonymous Symbol]                       0x200003f8   Section        0  bsp_dwt.o(.bss..L_MergedGlobals)
    CPU_FREQ_Hz_ms                           0x200003fc   Data           4  bsp_dwt.o(.bss..L_MergedGlobals)
    CPU_FREQ_Hz_us                           0x20000400   Data           4  bsp_dwt.o(.bss..L_MergedGlobals)
    CYCCNT_RountCount                        0x20000404   Data           4  bsp_dwt.o(.bss..L_MergedGlobals)
    CYCCNT_LAST                              0x20000408   Data           4  bsp_dwt.o(.bss..L_MergedGlobals)
    MOTOR_PID_Gimbal_INIT.FuzzyRule_Pitch_Pos 0x20000be8   Data          64  gimbal_task.o(.bss.MOTOR_PID_Gimbal_INIT.FuzzyRule_Pitch_Pos)
    [Anonymous Symbol]                       0x20000be8   Section        0  gimbal_task.o(.bss.MOTOR_PID_Gimbal_INIT.FuzzyRule_Pitch_Pos)
    MOTOR_PID_Gimbal_INIT.FuzzyRule_Pitch_Spd 0x20000c28   Data          64  gimbal_task.o(.bss.MOTOR_PID_Gimbal_INIT.FuzzyRule_Pitch_Spd)
    [Anonymous Symbol]                       0x20000c28   Section        0  gimbal_task.o(.bss.MOTOR_PID_Gimbal_INIT.FuzzyRule_Pitch_Spd)
    MOTOR_PID_Gimbal_INIT.FuzzyRule_Yaw_Pos  0x20000c68   Data          64  gimbal_task.o(.bss.MOTOR_PID_Gimbal_INIT.FuzzyRule_Yaw_Pos)
    [Anonymous Symbol]                       0x20000c68   Section        0  gimbal_task.o(.bss.MOTOR_PID_Gimbal_INIT.FuzzyRule_Yaw_Pos)
    MOTOR_PID_Gimbal_INIT.FuzzyRule_Yaw_Spd  0x20000ca8   Data          64  gimbal_task.o(.bss.MOTOR_PID_Gimbal_INIT.FuzzyRule_Yaw_Spd)
    [Anonymous Symbol]                       0x20000ca8   Section        0  gimbal_task.o(.bss.MOTOR_PID_Gimbal_INIT.FuzzyRule_Yaw_Spd)
    Vision_Tx_Data.VisionTxData              0x20000ce8   Data          48  vision.o(.bss.Vision_Tx_Data.VisionTxData)
    [Anonymous Symbol]                       0x20000ce8   Section        0  vision.o(.bss.Vision_Tx_Data.VisionTxData)
    prvCheckForValidListAndQueue.ucStaticTimerQueueStorage 0x20001028   Data         120  timers.o(.bss.prvCheckForValidListAndQueue.ucStaticTimerQueueStorage)
    [Anonymous Symbol]                       0x20001028   Section        0  timers.o(.bss.prvCheckForValidListAndQueue.ucStaticTimerQueueStorage)
    prvCheckForValidListAndQueue.xStaticTimerQueue 0x200010a0   Data          72  timers.o(.bss.prvCheckForValidListAndQueue.xStaticTimerQueue)
    [Anonymous Symbol]                       0x200010a0   Section        0  timers.o(.bss.prvCheckForValidListAndQueue.xStaticTimerQueue)
    pxReadyTasksLists                        0x200010e8   Data         140  tasks.o(.bss.pxReadyTasksLists)
    [Anonymous Symbol]                       0x200010e8   Section        0  tasks.o(.bss.pxReadyTasksLists)
    ucHeap                                   0x20001174   Data        3072  heap_4.o(.bss.ucHeap)
    [Anonymous Symbol]                       0x20001174   Section        0  heap_4.o(.bss.ucHeap)
    xDelayedTaskList2                        0x20001d78   Data          20  tasks.o(.bss.xDelayedTaskList2)
    [Anonymous Symbol]                       0x20001d78   Section        0  tasks.o(.bss.xDelayedTaskList2)
    xIdleStack                               0x20001d8c   Data         512  freertos.o(.bss.xIdleStack)
    [Anonymous Symbol]                       0x20001d8c   Section        0  freertos.o(.bss.xIdleStack)
    xIdleTaskTCBBuffer                       0x20001f8c   Data          84  freertos.o(.bss.xIdleTaskTCBBuffer)
    [Anonymous Symbol]                       0x20001f8c   Section        0  freertos.o(.bss.xIdleTaskTCBBuffer)
    xTimerStack                              0x20002020   Data        1024  freertos.o(.bss.xTimerStack)
    [Anonymous Symbol]                       0x20002020   Section        0  freertos.o(.bss.xTimerStack)
    xTimerTaskTCBBuffer                      0x20002420   Data          84  freertos.o(.bss.xTimerTaskTCBBuffer)
    [Anonymous Symbol]                       0x20002420   Section        0  freertos.o(.bss.xTimerTaskTCBBuffer)
    Heap_Mem                                 0x20002478   Data         512  startup_stm32f103xb.o(HEAP)
    HEAP                                     0x20002478   Section      512  startup_stm32f103xb.o(HEAP)
    Stack_Mem                                0x20002678   Data        1024  startup_stm32f103xb.o(STACK)
    STACK                                    0x20002678   Section     1024  startup_stm32f103xb.o(STACK)
    __initial_sp                             0x20002a78   Data           0  startup_stm32f103xb.o(STACK)

    Global Symbols

    Symbol Name                              Value     Ov Type        Size  Object(Section)

    BuildAttributes$$THM_ISAv4$P$D$K$B$S$PE$A:L22UL41UL21$X:L11$S22US41US21$IEEE1$IW$~IW$USESV6$~STKCKD$USESV7$~SHL$OTIME$ROPI$EBA8$UX$STANDARDLIB$REQ8$PRES8$EABIv2 0x00000000   Number         0  anon$$obj.o ABSOLUTE
    __fp_init_empty                          0x00000000   Number         0  fpinit_empty.o ABSOLUTE
    __ARM_exceptions_init                     - Undefined Weak Reference
    __alloca_initialize                       - Undefined Weak Reference
    __arm_preinit_                            - Undefined Weak Reference
    __arm_relocate_pie_                       - Undefined Weak Reference
    __cpp_initialize__aeabi_                  - Undefined Weak Reference
    __cxa_finalize                            - Undefined Weak Reference
    __rt_locale                               - Undefined Weak Reference
    __sigvec_lookup                           - Undefined Weak Reference
    _atexit_init                              - Undefined Weak Reference
    _call_atexit_fns                          - Undefined Weak Reference
    _clock_init                               - Undefined Weak Reference
    _fp_trap_init                             - Undefined Weak Reference
    _fp_trap_shutdown                         - Undefined Weak Reference
    _get_lc_collate                           - Undefined Weak Reference
    _get_lc_ctype                             - Undefined Weak Reference
    _get_lc_monetary                          - Undefined Weak Reference
    _get_lc_numeric                           - Undefined Weak Reference
    _get_lc_time                              - Undefined Weak Reference
    _getenv_init                              - Undefined Weak Reference
    _handle_redirection                       - Undefined Weak Reference
    _init_alloc                               - Undefined Weak Reference
    _init_user_alloc                          - Undefined Weak Reference
    _initio                                   - Undefined Weak Reference
    _rand_init                                - Undefined Weak Reference
    _signal_finish                            - Undefined Weak Reference
    _signal_init                              - Undefined Weak Reference
    _terminate_alloc                          - Undefined Weak Reference
    _terminate_user_alloc                     - Undefined Weak Reference
    _terminateio                              - Undefined Weak Reference
    __Vectors_Size                           0x000000ec   Number         0  startup_stm32f103xb.o ABSOLUTE
    __Vectors                                0x08000000   Data           4  startup_stm32f103xb.o(RESET)
    __Vectors_End                            0x080000ec   Data           0  startup_stm32f103xb.o(RESET)
    __main                                   0x080000ed   Thumb Code     8  __main.o(!!!main)
    __scatterload                            0x080000f5   Thumb Code     0  __scatter.o(!!!scatter)
    __scatterload_rt2                        0x080000f5   Thumb Code    84  __scatter.o(!!!scatter)
    __scatterload_rt2_thumb_only             0x080000f5   Thumb Code     0  __scatter.o(!!!scatter)
    __scatterload_loop                       0x080000ff   Thumb Code     0  __scatter.o(!!!scatter)
    __decompress                             0x08000151   Thumb Code    90  __dczerorl2.o(!!dczerorl2)
    __decompress1                            0x08000151   Thumb Code     0  __dczerorl2.o(!!dczerorl2)
    __scatterload_null                       0x080001ad   Thumb Code     2  __scatter.o(!!handler_null)
    __scatterload_zeroinit                   0x080001b1   Thumb Code    28  __scatter_zi.o(!!handler_zi)
    __rt_lib_init                            0x080001cd   Thumb Code     0  libinit.o(.ARM.Collect$$libinit$$00000000)
    __rt_lib_init_alloca_1                   0x080001cf   Thumb Code     0  libinit2.o(.ARM.Collect$$libinit$$00000030)
    __rt_lib_init_argv_1                     0x080001cf   Thumb Code     0  libinit2.o(.ARM.Collect$$libinit$$0000002E)
    __rt_lib_init_atexit_1                   0x080001cf   Thumb Code     0  libinit2.o(.ARM.Collect$$libinit$$0000001D)
    __rt_lib_init_clock_1                    0x080001cf   Thumb Code     0  libinit2.o(.ARM.Collect$$libinit$$00000023)
    __rt_lib_init_cpp_1                      0x080001cf   Thumb Code     0  libinit2.o(.ARM.Collect$$libinit$$00000034)
    __rt_lib_init_exceptions_1               0x080001cf   Thumb Code     0  libinit2.o(.ARM.Collect$$libinit$$00000032)
    __rt_lib_init_fp_1                       0x080001cf   Thumb Code     0  libinit2.o(.ARM.Collect$$libinit$$00000002)
    __rt_lib_init_fp_trap_1                  0x080001cf   Thumb Code     0  libinit2.o(.ARM.Collect$$libinit$$00000021)
    __rt_lib_init_getenv_1                   0x080001cf   Thumb Code     0  libinit2.o(.ARM.Collect$$libinit$$00000025)
    __rt_lib_init_heap_1                     0x080001cf   Thumb Code     0  libinit2.o(.ARM.Collect$$libinit$$0000000C)
    __rt_lib_init_lc_collate_1               0x080001cf   Thumb Code     0  libinit2.o(.ARM.Collect$$libinit$$00000013)
    __rt_lib_init_lc_ctype_1                 0x080001cf   Thumb Code     0  libinit2.o(.ARM.Collect$$libinit$$00000015)
    __rt_lib_init_lc_monetary_1              0x080001cf   Thumb Code     0  libinit2.o(.ARM.Collect$$libinit$$00000017)
    __rt_lib_init_lc_numeric_1               0x080001cf   Thumb Code     0  libinit2.o(.ARM.Collect$$libinit$$00000019)
    __rt_lib_init_lc_time_1                  0x080001cf   Thumb Code     0  libinit2.o(.ARM.Collect$$libinit$$0000001B)
    __rt_lib_init_preinit_1                  0x080001cf   Thumb Code     0  libinit2.o(.ARM.Collect$$libinit$$00000006)
    __rt_lib_init_rand_1                     0x080001cf   Thumb Code     0  libinit2.o(.ARM.Collect$$libinit$$00000010)
    __rt_lib_init_relocate_pie_1             0x080001cf   Thumb Code     0  libinit2.o(.ARM.Collect$$libinit$$00000004)
    __rt_lib_init_return                     0x080001cf   Thumb Code     0  libinit2.o(.ARM.Collect$$libinit$$00000035)
    __rt_lib_init_signal_1                   0x080001cf   Thumb Code     0  libinit2.o(.ARM.Collect$$libinit$$0000001F)
    __rt_lib_init_stdio_1                    0x080001cf   Thumb Code     0  libinit2.o(.ARM.Collect$$libinit$$00000027)
    __rt_lib_init_user_alloc_1               0x080001cf   Thumb Code     0  libinit2.o(.ARM.Collect$$libinit$$0000000E)
    __rt_lib_shutdown                        0x080001d1   Thumb Code     0  libshutdown.o(.ARM.Collect$$libshutdown$$00000000)
    __rt_lib_shutdown_cpp_1                  0x080001d3   Thumb Code     0  libshutdown2.o(.ARM.Collect$$libshutdown$$00000002)
    __rt_lib_shutdown_fp_trap_1              0x080001d3   Thumb Code     0  libshutdown2.o(.ARM.Collect$$libshutdown$$00000007)
    __rt_lib_shutdown_heap_1                 0x080001d3   Thumb Code     0  libshutdown2.o(.ARM.Collect$$libshutdown$$0000000F)
    __rt_lib_shutdown_return                 0x080001d3   Thumb Code     0  libshutdown2.o(.ARM.Collect$$libshutdown$$00000010)
    __rt_lib_shutdown_signal_1               0x080001d3   Thumb Code     0  libshutdown2.o(.ARM.Collect$$libshutdown$$0000000A)
    __rt_lib_shutdown_stdio_1                0x080001d3   Thumb Code     0  libshutdown2.o(.ARM.Collect$$libshutdown$$00000004)
    __rt_lib_shutdown_user_alloc_1           0x080001d3   Thumb Code     0  libshutdown2.o(.ARM.Collect$$libshutdown$$0000000C)
    __rt_entry                               0x080001d5   Thumb Code     0  __rtentry.o(.ARM.Collect$$rtentry$$00000000)
    __rt_entry_presh_1                       0x080001d5   Thumb Code     0  __rtentry2.o(.ARM.Collect$$rtentry$$00000002)
    __rt_entry_sh                            0x080001d5   Thumb Code     0  __rtentry4.o(.ARM.Collect$$rtentry$$00000004)
    __rt_entry_li                            0x080001db   Thumb Code     0  __rtentry2.o(.ARM.Collect$$rtentry$$0000000A)
    __rt_entry_postsh_1                      0x080001db   Thumb Code     0  __rtentry2.o(.ARM.Collect$$rtentry$$00000009)
    __rt_entry_main                          0x080001df   Thumb Code     0  __rtentry2.o(.ARM.Collect$$rtentry$$0000000D)
    __rt_entry_postli_1                      0x080001df   Thumb Code     0  __rtentry2.o(.ARM.Collect$$rtentry$$0000000C)
    __rt_exit                                0x080001e7   Thumb Code     0  rtexit.o(.ARM.Collect$$rtexit$$00000000)
    __rt_exit_ls                             0x080001e9   Thumb Code     0  rtexit2.o(.ARM.Collect$$rtexit$$00000003)
    __rt_exit_prels_1                        0x080001e9   Thumb Code     0  rtexit2.o(.ARM.Collect$$rtexit$$00000002)
    __rt_exit_exit                           0x080001ed   Thumb Code     0  rtexit2.o(.ARM.Collect$$rtexit$$00000004)
    Reset_Handler                            0x080001f5   Thumb Code     8  startup_stm32f103xb.o(.text)
    ADC1_2_IRQHandler                        0x0800020f   Thumb Code     0  startup_stm32f103xb.o(.text)
    CAN1_RX1_IRQHandler                      0x0800020f   Thumb Code     0  startup_stm32f103xb.o(.text)
    CAN1_SCE_IRQHandler                      0x0800020f   Thumb Code     0  startup_stm32f103xb.o(.text)
    DMA1_Channel1_IRQHandler                 0x0800020f   Thumb Code     0  startup_stm32f103xb.o(.text)
    DMA1_Channel2_IRQHandler                 0x0800020f   Thumb Code     0  startup_stm32f103xb.o(.text)
    EXTI0_IRQHandler                         0x0800020f   Thumb Code     0  startup_stm32f103xb.o(.text)
    EXTI15_10_IRQHandler                     0x0800020f   Thumb Code     0  startup_stm32f103xb.o(.text)
    EXTI1_IRQHandler                         0x0800020f   Thumb Code     0  startup_stm32f103xb.o(.text)
    EXTI2_IRQHandler                         0x0800020f   Thumb Code     0  startup_stm32f103xb.o(.text)
    EXTI3_IRQHandler                         0x0800020f   Thumb Code     0  startup_stm32f103xb.o(.text)
    EXTI4_IRQHandler                         0x0800020f   Thumb Code     0  startup_stm32f103xb.o(.text)
    EXTI9_5_IRQHandler                       0x0800020f   Thumb Code     0  startup_stm32f103xb.o(.text)
    FLASH_IRQHandler                         0x0800020f   Thumb Code     0  startup_stm32f103xb.o(.text)
    I2C1_ER_IRQHandler                       0x0800020f   Thumb Code     0  startup_stm32f103xb.o(.text)
    I2C1_EV_IRQHandler                       0x0800020f   Thumb Code     0  startup_stm32f103xb.o(.text)
    I2C2_ER_IRQHandler                       0x0800020f   Thumb Code     0  startup_stm32f103xb.o(.text)
    I2C2_EV_IRQHandler                       0x0800020f   Thumb Code     0  startup_stm32f103xb.o(.text)
    PVD_IRQHandler                           0x0800020f   Thumb Code     0  startup_stm32f103xb.o(.text)
    RCC_IRQHandler                           0x0800020f   Thumb Code     0  startup_stm32f103xb.o(.text)
    RTC_Alarm_IRQHandler                     0x0800020f   Thumb Code     0  startup_stm32f103xb.o(.text)
    RTC_IRQHandler                           0x0800020f   Thumb Code     0  startup_stm32f103xb.o(.text)
    SPI1_IRQHandler                          0x0800020f   Thumb Code     0  startup_stm32f103xb.o(.text)
    SPI2_IRQHandler                          0x0800020f   Thumb Code     0  startup_stm32f103xb.o(.text)
    TAMPER_IRQHandler                        0x0800020f   Thumb Code     0  startup_stm32f103xb.o(.text)
    TIM1_BRK_IRQHandler                      0x0800020f   Thumb Code     0  startup_stm32f103xb.o(.text)
    TIM1_CC_IRQHandler                       0x0800020f   Thumb Code     0  startup_stm32f103xb.o(.text)
    TIM1_TRG_COM_IRQHandler                  0x0800020f   Thumb Code     0  startup_stm32f103xb.o(.text)
    TIM3_IRQHandler                          0x0800020f   Thumb Code     0  startup_stm32f103xb.o(.text)
    TIM4_IRQHandler                          0x0800020f   Thumb Code     0  startup_stm32f103xb.o(.text)
    USBWakeUp_IRQHandler                     0x0800020f   Thumb Code     0  startup_stm32f103xb.o(.text)
    WWDG_IRQHandler                          0x0800020f   Thumb Code     0  startup_stm32f103xb.o(.text)
    __user_initial_stackheap                 0x08000211   Thumb Code     0  startup_stm32f103xb.o(.text)
    __aeabi_uldivmod                         0x08000235   Thumb Code     0  lludivv7m.o(.text)
    _ll_udiv                                 0x08000235   Thumb Code   240  lludivv7m.o(.text)
    __aeabi_memcpy                           0x08000325   Thumb Code     0  rt_memcpy_v6.o(.text)
    __rt_memcpy                              0x08000325   Thumb Code   138  rt_memcpy_v6.o(.text)
    _memcpy_lastbytes                        0x0800038b   Thumb Code     0  rt_memcpy_v6.o(.text)
    __use_two_region_memory                  0x080003af   Thumb Code     2  heapauxi.o(.text)
    __rt_heap_escrow$2region                 0x080003b1   Thumb Code     2  heapauxi.o(.text)
    __rt_heap_expand$2region                 0x080003b3   Thumb Code     2  heapauxi.o(.text)
    __aeabi_memcpy4                          0x080003b5   Thumb Code     0  rt_memcpy_w.o(.text)
    __aeabi_memcpy8                          0x080003b5   Thumb Code     0  rt_memcpy_w.o(.text)
    __rt_memcpy_w                            0x080003b5   Thumb Code   100  rt_memcpy_w.o(.text)
    _memcpy_lastbytes_aligned                0x080003fd   Thumb Code     0  rt_memcpy_w.o(.text)
    __user_setup_stackheap                   0x08000419   Thumb Code    74  sys_stackheap_outer.o(.text)
    exit                                     0x08000463   Thumb Code    18  exit.o(.text)
    __user_libspace                          0x08000475   Thumb Code     8  libspace.o(.text)
    __user_perproc_libspace                  0x08000475   Thumb Code     0  libspace.o(.text)
    __user_perthread_libspace                0x08000475   Thumb Code     0  libspace.o(.text)
    _sys_exit                                0x0800047d   Thumb Code     8  sys_exit.o(.text)
    __I$use$semihosting                      0x08000489   Thumb Code     0  use_no_semi.o(.text)
    __use_no_semihosting_swi                 0x08000489   Thumb Code     2  use_no_semi.o(.text)
    __semihosting_library_function           0x0800048b   Thumb Code     0  indicate_semi.o(.text)
    All_Init                                 0x0800048d   Thumb Code   140  all_init.o(.text.All_Init)
    BusFault_Handler                         0x08000519   Thumb Code     2  stm32f1xx_it.o(.text.BusFault_Handler)
    CAN_Filter_Init                          0x0800051d   Thumb Code    64  can_bsp.o(.text.CAN_Filter_Init)
    DBUS_OFFLINE_Check                       0x0800055d   Thumb Code    16  rui_dbus.o(.text.DBUS_OFFLINE_Check)
    DJI_Current_Ctrl                         0x0800056d   Thumb Code    62  dji_motor.o(.text.DJI_Current_Ctrl)
    DMA1_Channel3_IRQHandler                 0x080005ad   Thumb Code    12  stm32f1xx_it.o(.text.DMA1_Channel3_IRQHandler)
    DMA1_Channel4_IRQHandler                 0x080005b9   Thumb Code    12  stm32f1xx_it.o(.text.DMA1_Channel4_IRQHandler)
    DMA1_Channel5_IRQHandler                 0x080005c5   Thumb Code    12  stm32f1xx_it.o(.text.DMA1_Channel5_IRQHandler)
    DMA1_Channel6_IRQHandler                 0x080005d1   Thumb Code    12  stm32f1xx_it.o(.text.DMA1_Channel6_IRQHandler)
    DMA1_Channel7_IRQHandler                 0x080005dd   Thumb Code    12  stm32f1xx_it.o(.text.DMA1_Channel7_IRQHandler)
    DWT_GetDeltaT                            0x080005e9   Thumb Code    82  bsp_dwt.o(.text.DWT_GetDeltaT)
    DWT_GetTimeline_ms                       0x0800063d   Thumb Code   194  bsp_dwt.o(.text.DWT_GetTimeline_ms)
    DWT_Init                                 0x08000701   Thumb Code   100  bsp_dwt.o(.text.DWT_Init)
    DebugMon_Handler                         0x08000765   Thumb Code     2  stm32f1xx_it.o(.text.DebugMon_Handler)
    Error_Handler                            0x08000769   Thumb Code    10  main.o(.text.Error_Handler)
    Fuzzy_Rule_Implementation                0x08000775   Thumb Code   892  controller.o(.text.Fuzzy_Rule_Implementation)
    Fuzzy_Rule_Init                          0x08000af1   Thumb Code   130  controller.o(.text.Fuzzy_Rule_Init)
    HAL_CAN_ActivateNotification             0x08000b75   Thumb Code    46  stm32f1xx_hal_can.o(.text.HAL_CAN_ActivateNotification)
    HAL_CAN_AddTxMessage                     0x08000ba5   Thumb Code   168  stm32f1xx_hal_can.o(.text.HAL_CAN_AddTxMessage)
    HAL_CAN_ConfigFilter                     0x08000c4d   Thumb Code   234  stm32f1xx_hal_can.o(.text.HAL_CAN_ConfigFilter)
    HAL_CAN_ErrorCallback                    0x08000d39   Thumb Code     2  stm32f1xx_hal_can.o(.text.HAL_CAN_ErrorCallback)
    HAL_CAN_GetRxMessage                     0x08000d3d   Thumb Code   298  stm32f1xx_hal_can.o(.text.HAL_CAN_GetRxMessage)
    HAL_CAN_IRQHandler                       0x08000e69   Thumb Code   606  stm32f1xx_hal_can.o(.text.HAL_CAN_IRQHandler)
    HAL_CAN_Init                             0x080010c9   Thumb Code   244  stm32f1xx_hal_can.o(.text.HAL_CAN_Init)
    HAL_CAN_MspInit                          0x080011bd   Thumb Code   156  can.o(.text.HAL_CAN_MspInit)
    HAL_CAN_RxFifo0FullCallback              0x08001259   Thumb Code     2  stm32f1xx_hal_can.o(.text.HAL_CAN_RxFifo0FullCallback)
    HAL_CAN_RxFifo0MsgPendingCallback        0x0800125d   Thumb Code    90  irqn.o(.text.HAL_CAN_RxFifo0MsgPendingCallback)
    HAL_CAN_RxFifo1FullCallback              0x080012b9   Thumb Code     2  stm32f1xx_hal_can.o(.text.HAL_CAN_RxFifo1FullCallback)
    HAL_CAN_RxFifo1MsgPendingCallback        0x080012bd   Thumb Code     2  stm32f1xx_hal_can.o(.text.HAL_CAN_RxFifo1MsgPendingCallback)
    HAL_CAN_SleepCallback                    0x080012c1   Thumb Code     2  stm32f1xx_hal_can.o(.text.HAL_CAN_SleepCallback)
    HAL_CAN_Start                            0x080012c5   Thumb Code    90  stm32f1xx_hal_can.o(.text.HAL_CAN_Start)
    HAL_CAN_TxMailbox0AbortCallback          0x08001321   Thumb Code     2  stm32f1xx_hal_can.o(.text.HAL_CAN_TxMailbox0AbortCallback)
    HAL_CAN_TxMailbox0CompleteCallback       0x08001325   Thumb Code     2  stm32f1xx_hal_can.o(.text.HAL_CAN_TxMailbox0CompleteCallback)
    HAL_CAN_TxMailbox1AbortCallback          0x08001329   Thumb Code     2  stm32f1xx_hal_can.o(.text.HAL_CAN_TxMailbox1AbortCallback)
    HAL_CAN_TxMailbox1CompleteCallback       0x0800132d   Thumb Code     2  stm32f1xx_hal_can.o(.text.HAL_CAN_TxMailbox1CompleteCallback)
    HAL_CAN_TxMailbox2AbortCallback          0x08001331   Thumb Code     2  stm32f1xx_hal_can.o(.text.HAL_CAN_TxMailbox2AbortCallback)
    HAL_CAN_TxMailbox2CompleteCallback       0x08001335   Thumb Code     2  stm32f1xx_hal_can.o(.text.HAL_CAN_TxMailbox2CompleteCallback)
    HAL_CAN_WakeUpFromRxMsgCallback          0x08001339   Thumb Code     2  stm32f1xx_hal_can.o(.text.HAL_CAN_WakeUpFromRxMsgCallback)
    HAL_DMA_Abort                            0x0800133d   Thumb Code    70  stm32f1xx_hal_dma.o(.text.HAL_DMA_Abort)
    HAL_DMA_Abort_IT                         0x08001385   Thumb Code   180  stm32f1xx_hal_dma.o(.text.HAL_DMA_Abort_IT)
    HAL_DMA_IRQHandler                       0x08001439   Thumb Code   416  stm32f1xx_hal_dma.o(.text.HAL_DMA_IRQHandler)
    HAL_DMA_Init                             0x080015d9   Thumb Code   134  stm32f1xx_hal_dma.o(.text.HAL_DMA_Init)
    HAL_DMA_Start_IT                         0x08001661   Thumb Code   160  stm32f1xx_hal_dma.o(.text.HAL_DMA_Start_IT)
    HAL_GPIO_Init                            0x08001701   Thumb Code   526  stm32f1xx_hal_gpio.o(.text.HAL_GPIO_Init)
    HAL_GPIO_TogglePin                       0x08001911   Thumb Code    16  stm32f1xx_hal_gpio.o(.text.HAL_GPIO_TogglePin)
    HAL_GPIO_WritePin                        0x08001921   Thumb Code    10  stm32f1xx_hal_gpio.o(.text.HAL_GPIO_WritePin)
    HAL_GetTick                              0x0800192d   Thumb Code    12  stm32f1xx_hal.o(.text.HAL_GetTick)
    HAL_IncTick                              0x08001939   Thumb Code    26  stm32f1xx_hal.o(.text.HAL_IncTick)
    HAL_Init                                 0x08001955   Thumb Code    38  stm32f1xx_hal.o(.text.HAL_Init)
    HAL_InitTick                             0x0800197d   Thumb Code   176  stm32f1xx_hal_timebase_tim.o(.text.HAL_InitTick)
    HAL_MspInit                              0x08001a2d   Thumb Code    80  stm32f1xx_hal_msp.o(.text.HAL_MspInit)
    HAL_NVIC_EnableIRQ                       0x08001a7d   Thumb Code    34  stm32f1xx_hal_cortex.o(.text.HAL_NVIC_EnableIRQ)
    HAL_NVIC_SetPriority                     0x08001aa1   Thumb Code    86  stm32f1xx_hal_cortex.o(.text.HAL_NVIC_SetPriority)
    HAL_NVIC_SetPriorityGrouping             0x08001af9   Thumb Code    32  stm32f1xx_hal_cortex.o(.text.HAL_NVIC_SetPriorityGrouping)
    HAL_RCC_ClockConfig                      0x08001b19   Thumb Code   450  stm32f1xx_hal_rcc.o(.text.HAL_RCC_ClockConfig)
    HAL_RCC_GetClockConfig                   0x08001cdd   Thumb Code    66  stm32f1xx_hal_rcc.o(.text.HAL_RCC_GetClockConfig)
    HAL_RCC_GetPCLK1Freq                     0x08001d21   Thumb Code    38  stm32f1xx_hal_rcc.o(.text.HAL_RCC_GetPCLK1Freq)
    HAL_RCC_GetPCLK2Freq                     0x08001d49   Thumb Code    38  stm32f1xx_hal_rcc.o(.text.HAL_RCC_GetPCLK2Freq)
    HAL_RCC_OscConfig                        0x08001d71   Thumb Code  1024  stm32f1xx_hal_rcc.o(.text.HAL_RCC_OscConfig)
    HAL_TIMEx_BreakCallback                  0x08002171   Thumb Code     2  stm32f1xx_hal_tim_ex.o(.text.HAL_TIMEx_BreakCallback)
    HAL_TIMEx_CommutCallback                 0x08002175   Thumb Code     2  stm32f1xx_hal_tim_ex.o(.text.HAL_TIMEx_CommutCallback)
    HAL_TIMEx_MasterConfigSynchronization    0x08002179   Thumb Code   126  stm32f1xx_hal_tim_ex.o(.text.HAL_TIMEx_MasterConfigSynchronization)
    HAL_TIM_Base_Init                        0x080021f9   Thumb Code   250  stm32f1xx_hal_tim.o(.text.HAL_TIM_Base_Init)
    HAL_TIM_Base_MspInit                     0x080022f5   Thumb Code    62  tim.o(.text.HAL_TIM_Base_MspInit)
    HAL_TIM_Base_Start_IT                    0x08002335   Thumb Code   110  stm32f1xx_hal_tim.o(.text.HAL_TIM_Base_Start_IT)
    HAL_TIM_ConfigClockSource                0x080023a5   Thumb Code   416  stm32f1xx_hal_tim.o(.text.HAL_TIM_ConfigClockSource)
    HAL_TIM_IC_CaptureCallback               0x08002545   Thumb Code     2  stm32f1xx_hal_tim.o(.text.HAL_TIM_IC_CaptureCallback)
    HAL_TIM_IRQHandler                       0x08002549   Thumb Code   334  stm32f1xx_hal_tim.o(.text.HAL_TIM_IRQHandler)
    HAL_TIM_OC_DelayElapsedCallback          0x08002699   Thumb Code     2  stm32f1xx_hal_tim.o(.text.HAL_TIM_OC_DelayElapsedCallback)
    HAL_TIM_PWM_PulseFinishedCallback        0x0800269d   Thumb Code     2  stm32f1xx_hal_tim.o(.text.HAL_TIM_PWM_PulseFinishedCallback)
    HAL_TIM_PeriodElapsedCallback            0x080026a1   Thumb Code    20  main.o(.text.HAL_TIM_PeriodElapsedCallback)
    HAL_TIM_TriggerCallback                  0x080026b5   Thumb Code     2  stm32f1xx_hal_tim.o(.text.HAL_TIM_TriggerCallback)
    HAL_UARTEx_RxEventCallback               0x080026b9   Thumb Code     2  stm32f1xx_hal_uart.o(.text.HAL_UARTEx_RxEventCallback)
    HAL_UART_DMAStop                         0x080026bd   Thumb Code   540  stm32f1xx_hal_uart.o(.text.HAL_UART_DMAStop)
    HAL_UART_ErrorCallback                   0x080028d9   Thumb Code     2  stm32f1xx_hal_uart.o(.text.HAL_UART_ErrorCallback)
    HAL_UART_IRQHandler                      0x080028dd   Thumb Code  1392  stm32f1xx_hal_uart.o(.text.HAL_UART_IRQHandler)
    HAL_UART_Init                            0x08002e4d   Thumb Code   226  stm32f1xx_hal_uart.o(.text.HAL_UART_Init)
    HAL_UART_MspInit                         0x08002f31   Thumb Code   666  usart.o(.text.HAL_UART_MspInit)
    HAL_UART_Receive_DMA                     0x080031cd   Thumb Code   352  stm32f1xx_hal_uart.o(.text.HAL_UART_Receive_DMA)
    HAL_UART_RxCpltCallback                  0x0800332d   Thumb Code     2  irqn.o(.text.HAL_UART_RxCpltCallback)
    HAL_UART_RxHalfCpltCallback              0x08003331   Thumb Code     2  stm32f1xx_hal_uart.o(.text.HAL_UART_RxHalfCpltCallback)
    HAL_UART_Transmit_DMA                    0x08003335   Thumb Code   182  stm32f1xx_hal_uart.o(.text.HAL_UART_Transmit_DMA)
    HAL_UART_TxCpltCallback                  0x080033ed   Thumb Code     2  stm32f1xx_hal_uart.o(.text.HAL_UART_TxCpltCallback)
    HAL_UART_TxHalfCpltCallback              0x080033f1   Thumb Code     2  stm32f1xx_hal_uart.o(.text.HAL_UART_TxHalfCpltCallback)
    HardFault_Handler                        0x080033f5   Thumb Code     2  stm32f1xx_it.o(.text.HardFault_Handler)
    MOTOR_PID_Gimbal_INIT                    0x080033f9   Thumb Code   508  gimbal_task.o(.text.MOTOR_PID_Gimbal_INIT)
    MX_CAN_Init                              0x080035f5   Thumb Code    68  can.o(.text.MX_CAN_Init)
    MX_DMA_Init                              0x08003639   Thumb Code   116  dma.o(.text.MX_DMA_Init)
    MX_FREERTOS_Init                         0x080036ad   Thumb Code   136  freertos.o(.text.MX_FREERTOS_Init)
    MX_GPIO_Init                             0x08003789   Thumb Code   132  gpio.o(.text.MX_GPIO_Init)
    MX_TIM2_Init                             0x0800380d   Thumb Code   116  tim.o(.text.MX_TIM2_Init)
    MX_USART1_UART_Init                      0x08003881   Thumb Code    60  usart.o(.text.MX_USART1_UART_Init)
    MX_USART2_UART_Init                      0x080038bd   Thumb Code    60  usart.o(.text.MX_USART2_UART_Init)
    MX_USART3_UART_Init                      0x080038f9   Thumb Code    72  usart.o(.text.MX_USART3_UART_Init)
    MemManage_Handler                        0x08003941   Thumb Code     2  stm32f1xx_it.o(.text.MemManage_Handler)
    MotorResolve                             0x08003945   Thumb Code    38  dji_motor.o(.text.MotorResolve)
    MotorRoundResolve                        0x0800396d   Thumb Code    46  dji_motor.o(.text.MotorRoundResolve)
    NMI_Handler                              0x0800399d   Thumb Code     2  stm32f1xx_it.o(.text.NMI_Handler)
    PID_Calculate                            0x080039a1   Thumb Code   956  controller.o(.text.PID_Calculate)
    PID_Init                                 0x08003d5d   Thumb Code    70  controller.o(.text.PID_Init)
    PendSV_Handler                           0x08003db1   Thumb Code    68  port.o(.text.PendSV_Handler)
    RUI_F_DUBS_Resovled                      0x08003df5   Thumb Code    86  rui_dbus.o(.text.RUI_F_DUBS_Resovled)
    RobotTask                                0x08003e4d   Thumb Code   368  robot.o(.text.RobotTask)
    SVC_Handler                              0x08003fc1   Thumb Code    36  port.o(.text.SVC_Handler)
    StartDefaultTask                         0x08003fe5   Thumb Code    32  all_task.o(.text.StartDefaultTask)
    StartGimbalTask                          0x08004005   Thumb Code   266  all_task.o(.text.StartGimbalTask)
    StartMonitorTask                         0x08004111   Thumb Code    66  all_task.o(.text.StartMonitorTask)
    SysTick_Handler                          0x08004155   Thumb Code    46  port.o(.text.SysTick_Handler)
    SystemInit                               0x08004185   Thumb Code     2  system_stm32f1xx.o(.text.SystemInit)
    TIM1_UP_IRQHandler                       0x08004189   Thumb Code    12  stm32f1xx_it.o(.text.TIM1_UP_IRQHandler)
    TIM2_IRQHandler                          0x08004195   Thumb Code    12  stm32f1xx_it.o(.text.TIM2_IRQHandler)
    USART1_IRQHandler                        0x08004659   Thumb Code    26  stm32f1xx_it.o(.text.USART1_IRQHandler)
    USART2_IRQHandler                        0x08004675   Thumb Code    26  stm32f1xx_it.o(.text.USART2_IRQHandler)
    USART3_IRQHandler                        0x08004691   Thumb Code    26  stm32f1xx_it.o(.text.USART3_IRQHandler)
    USB_HP_CAN1_TX_IRQHandler                0x080046ad   Thumb Code    12  stm32f1xx_it.o(.text.USB_HP_CAN1_TX_IRQHandler)
    USB_LP_CAN1_RX0_IRQHandler               0x080046b9   Thumb Code    12  stm32f1xx_it.o(.text.USB_LP_CAN1_RX0_IRQHandler)
    UsageFault_Handler                       0x080046c5   Thumb Code     2  stm32f1xx_it.o(.text.UsageFault_Handler)
    User_IRQHandler                          0x080046c9   Thumb Code   196  irqn.o(.text.User_IRQHandler)
    VOFA_justfloat                           0x0800478d   Thumb Code    68  vofa.o(.text.VOFA_justfloat)
    Vision_Monitor                           0x080047d1   Thumb Code    36  vision.o(.text.Vision_Monitor)
    Vision_Rx_Data                           0x080047f5   Thumb Code    64  vision.o(.text.Vision_Rx_Data)
    Vision_Tx_Data                           0x08004835   Thumb Code   248  vision.o(.text.Vision_Tx_Data)
    canx_send_data                           0x0800492d   Thumb Code    28  can_bsp.o(.text.canx_send_data)
    gimbal_task                              0x08004949   Thumb Code   166  gimbal_task.o(.text.gimbal_task)
    main                                     0x080049f1   Thumb Code   134  main.o(.text.main)
    osDelay                                  0x08004a79   Thumb Code    16  cmsis_os.o(.text.osDelay)
    osKernelStart                            0x08004a89   Thumb Code    10  cmsis_os.o(.text.osKernelStart)
    osMutexCreate                            0x08004a95   Thumb Code    16  cmsis_os.o(.text.osMutexCreate)
    osThreadCreate                           0x08004aa5   Thumb Code    92  cmsis_os.o(.text.osThreadCreate)
    pvPortMalloc                             0x08005201   Thumb Code   498  heap_4.o(.text.pvPortMalloc)
    pxPortInitialiseStack                    0x080053f5   Thumb Code    32  port.o(.text.pxPortInitialiseStack)
    uxListRemove                             0x08005415   Thumb Code    36  list.o(.text.uxListRemove)
    vApplicationGetIdleTaskMemory            0x08005439   Thumb Code    26  freertos.o(.text.vApplicationGetIdleTaskMemory)
    vApplicationGetTimerTaskMemory           0x08005455   Thumb Code    28  freertos.o(.text.vApplicationGetTimerTaskMemory)
    vListInitialise                          0x08005471   Thumb Code    22  list.o(.text.vListInitialise)
    vListInitialiseItem                      0x08005489   Thumb Code     6  list.o(.text.vListInitialiseItem)
    vListInsert                              0x08005491   Thumb Code    98  list.o(.text.vListInsert)
    vListInsertEnd                           0x080054f5   Thumb Code    28  list.o(.text.vListInsertEnd)
    vPortEnterCritical                       0x08005511   Thumb Code    70  port.o(.text.vPortEnterCritical)
    vPortExitCritical                        0x08005559   Thumb Code    46  port.o(.text.vPortExitCritical)
    vPortFree                                0x08005589   Thumb Code   212  heap_4.o(.text.vPortFree)
    vPortSetupTimerInterrupt                 0x0800565d   Thumb Code    52  port.o(.text.vPortSetupTimerInterrupt)
    vQueueAddToRegistry                      0x08005691   Thumb Code   176  queue.o(.text.vQueueAddToRegistry)
    vQueueWaitForMessageRestricted           0x08005741   Thumb Code    82  queue.o(.text.vQueueWaitForMessageRestricted)
    vTaskDelay                               0x08005795   Thumb Code   158  tasks.o(.text.vTaskDelay)
    vTaskInternalSetTimeOutState             0x08005835   Thumb Code    18  tasks.o(.text.vTaskInternalSetTimeOutState)
    vTaskMissedYield                         0x08005849   Thumb Code    14  tasks.o(.text.vTaskMissedYield)
    vTaskPlaceOnEventList                    0x08005859   Thumb Code    54  tasks.o(.text.vTaskPlaceOnEventList)
    vTaskPlaceOnEventListRestricted          0x08005891   Thumb Code   142  tasks.o(.text.vTaskPlaceOnEventListRestricted)
    vTaskStartScheduler                      0x08005921   Thumb Code   232  tasks.o(.text.vTaskStartScheduler)
    vTaskSuspendAll                          0x08005a11   Thumb Code    16  tasks.o(.text.vTaskSuspendAll)
    vTaskSwitchContext                       0x08005a21   Thumb Code   110  tasks.o(.text.vTaskSwitchContext)
    xPortStartScheduler                      0x08005a91   Thumb Code   304  port.o(.text.xPortStartScheduler)
    xQueueCreateMutex                        0x08005bc1   Thumb Code   106  queue.o(.text.xQueueCreateMutex)
    xQueueCreateMutexStatic                  0x08005c2d   Thumb Code   154  queue.o(.text.xQueueCreateMutexStatic)
    xQueueGenericCreateStatic                0x08005cc9   Thumb Code   214  queue.o(.text.xQueueGenericCreateStatic)
    xQueueGenericSend                        0x08005da1   Thumb Code   700  queue.o(.text.xQueueGenericSend)
    xQueueReceive                            0x0800605d   Thumb Code   574  queue.o(.text.xQueueReceive)
    xTaskCheckForTimeOut                     0x0800629d   Thumb Code   150  tasks.o(.text.xTaskCheckForTimeOut)
    xTaskCreate                              0x08006335   Thumb Code    96  tasks.o(.text.xTaskCreate)
    xTaskCreateStatic                        0x08006395   Thumb Code   118  tasks.o(.text.xTaskCreateStatic)
    xTaskGetSchedulerState                   0x0800640d   Thumb Code    30  tasks.o(.text.xTaskGetSchedulerState)
    xTaskGetTickCount                        0x0800642d   Thumb Code    12  tasks.o(.text.xTaskGetTickCount)
    xTaskIncrementTick                       0x08006439   Thumb Code   262  tasks.o(.text.xTaskIncrementTick)
    xTaskPriorityDisinherit                  0x08006541   Thumb Code   182  tasks.o(.text.xTaskPriorityDisinherit)
    xTaskRemoveFromEventList                 0x080065f9   Thumb Code   116  tasks.o(.text.xTaskRemoveFromEventList)
    xTaskResumeAll                           0x0800666d   Thumb Code   234  tasks.o(.text.xTaskResumeAll)
    xTimerCreateTimerTask                    0x08006759   Thumb Code   172  timers.o(.text.xTimerCreateTimerTask)
    __aeabi_fadd                             0x0800680d   Thumb Code     0  faddsub_clz.o(x$fpl$fadd)
    _fadd                                    0x0800680d   Thumb Code   196  faddsub_clz.o(x$fpl$fadd)
    __aeabi_fcmpeq                           0x080068d1   Thumb Code     0  fcmp.o(x$fpl$fcmp)
    _feq                                     0x080068d1   Thumb Code    14  fcmp.o(x$fpl$fcmp)
    _fneq                                    0x080068df   Thumb Code    14  fcmp.o(x$fpl$fcmp)
    __aeabi_fcmpgt                           0x080068ed   Thumb Code     0  fcmp.o(x$fpl$fcmp)
    _fgr                                     0x080068ed   Thumb Code    14  fcmp.o(x$fpl$fcmp)
    __aeabi_fcmpge                           0x080068fb   Thumb Code     0  fcmp.o(x$fpl$fcmp)
    _fgeq                                    0x080068fb   Thumb Code    14  fcmp.o(x$fpl$fcmp)
    __aeabi_fcmple                           0x08006909   Thumb Code     0  fcmp.o(x$fpl$fcmp)
    _fleq                                    0x08006909   Thumb Code    14  fcmp.o(x$fpl$fcmp)
    __aeabi_fcmplt                           0x08006917   Thumb Code     0  fcmp.o(x$fpl$fcmp)
    _fls                                     0x08006917   Thumb Code    14  fcmp.o(x$fpl$fcmp)
    __fpl_fcmp_Inf                           0x08006925   Thumb Code    24  fcmpi.o(x$fpl$fcmpinf)
    __aeabi_fdiv                             0x0800693d   Thumb Code     0  fdiv.o(x$fpl$fdiv)
    _fdiv                                    0x0800693d   Thumb Code   384  fdiv.o(x$fpl$fdiv)
    __aeabi_cfcmpeq                          0x08006ac1   Thumb Code     0  feqf.o(x$fpl$feqf)
    _fcmpeq                                  0x08006ac1   Thumb Code   104  feqf.o(x$fpl$feqf)
    __aeabi_f2iz                             0x08006b29   Thumb Code     0  ffix.o(x$fpl$ffix)
    _ffix                                    0x08006b29   Thumb Code    54  ffix.o(x$fpl$ffix)
    __aeabi_i2f                              0x08006b61   Thumb Code     0  fflt_clz.o(x$fpl$fflt)
    _fflt                                    0x08006b61   Thumb Code    48  fflt_clz.o(x$fpl$fflt)
    __aeabi_ui2f                             0x08006b91   Thumb Code     0  fflt_clz.o(x$fpl$ffltu)
    _ffltu                                   0x08006b91   Thumb Code    38  fflt_clz.o(x$fpl$ffltu)
    _fcmpge                                  0x08006bb9   Thumb Code   104  fgeqf.o(x$fpl$fgeqf)
    __aeabi_cfcmple                          0x08006c21   Thumb Code     0  fleqf.o(x$fpl$fleqf)
    _fcmple                                  0x08006c21   Thumb Code   104  fleqf.o(x$fpl$fleqf)
    __fpl_fcmple_InfNaN                      0x08006c73   Thumb Code     0  fleqf.o(x$fpl$fleqf)
    __aeabi_fmul                             0x08006c89   Thumb Code     0  fmul.o(x$fpl$fmul)
    _fmul                                    0x08006c89   Thumb Code   258  fmul.o(x$fpl$fmul)
    __fpl_fnaninf                            0x08006d8b   Thumb Code   140  fnaninf.o(x$fpl$fnaninf)
    __fpl_fretinf                            0x08006e17   Thumb Code    10  fretinf.o(x$fpl$fretinf)
    __aeabi_fsub                             0x08006e21   Thumb Code     0  faddsub_clz.o(x$fpl$fsub)
    _fsub                                    0x08006e21   Thumb Code   234  faddsub_clz.o(x$fpl$fsub)
    AHBPrescTable                            0x08006f0a   Data          16  system_stm32f1xx.o(.rodata.AHBPrescTable)
    __I$use$fp                               0x08006f0a   Number         0  usenofp.o(x$fpl$usenofp)
    APBPrescTable                            0x08006f1a   Data           8  system_stm32f1xx.o(.rodata.APBPrescTable)
    Region$$Table$$Base                      0x08006f5c   Number         0  anon$$obj.o(Region$$Table)
    Region$$Table$$Limit                     0x08006f7c   Number         0  anon$$obj.o(Region$$Table)
    uwTickFreq                               0x20000000   Data           1  stm32f1xx_hal.o(.data..L_MergedGlobals)
    uwTickPrio                               0x20000004   Data           4  stm32f1xx_hal.o(.data..L_MergedGlobals)
    SystemCoreClock                          0x20000254   Data           4  system_stm32f1xx.o(.data.SystemCoreClock)
    __libspace_start                         0x20000260   Data          96  libspace.o(.bss)
    __temporary_stack_top$libspace           0x200002c0   Data           0  libspace.o(.bss)
    motorOfflineHandle                       0x200002c0   Data           4  freertos.o(.bss..L_MergedGlobals)
    defaultTaskHandle                        0x200002c4   Data           4  freertos.o(.bss..L_MergedGlobals)
    gimbalTaskHandle                         0x200002c8   Data           4  freertos.o(.bss..L_MergedGlobals)
    monitorTaskHandle                        0x200002cc   Data           4  freertos.o(.bss..L_MergedGlobals)
    pxCurrentTCB                             0x200002d0   Data           4  tasks.o(.bss..L_MergedGlobals)
    DBUS_V_UNION                             0x200003a8   Data          24  all_init.o(.bss..L_MergedGlobals)
    VisionRxData                             0x200003c0   Data          52  all_init.o(.bss..L_MergedGlobals)
    CYCCNT64                                 0x20000410   Data           8  bsp_dwt.o(.bss..L_MergedGlobals)
    SysTime                                  0x20000418   Data           8  bsp_dwt.o(.bss..L_MergedGlobals)
    ALL_CONTAL                               0x20000420   Data          56  all_init.o(.bss.ALL_CONTAL)
    ALL_MOTOR                                0x20000458   Data        1920  all_init.o(.bss.ALL_MOTOR)
    DBUS_V_DATA                              0x20000bd8   Data          16  all_init.o(.bss.DBUS_V_DATA)
    data                                     0x20000d18   Data          44  vofa.o(.bss.data)
    hcan                                     0x20000d44   Data          40  can.o(.bss.hcan)
    hdma_usart1_rx                           0x20000d6c   Data          68  usart.o(.bss.hdma_usart1_rx)
    hdma_usart1_tx                           0x20000db0   Data          68  usart.o(.bss.hdma_usart1_tx)
    hdma_usart2_rx                           0x20000df4   Data          68  usart.o(.bss.hdma_usart2_rx)
    hdma_usart2_tx                           0x20000e38   Data          68  usart.o(.bss.hdma_usart2_tx)
    hdma_usart3_rx                           0x20000e7c   Data          68  usart.o(.bss.hdma_usart3_rx)
    htim1                                    0x20000ec0   Data          72  stm32f1xx_hal_timebase_tim.o(.bss.htim1)
    htim2                                    0x20000f08   Data          72  tim.o(.bss.htim2)
    huart1                                   0x20000f50   Data          72  usart.o(.bss.huart1)
    huart2                                   0x20000f98   Data          72  usart.o(.bss.huart2)
    huart3                                   0x20000fe0   Data          72  usart.o(.bss.huart3)
    uwTick                                   0x20001d74   Data           4  stm32f1xx_hal.o(.bss.uwTick)
    xQueueRegistry                           0x20001fe0   Data          64  queue.o(.bss.xQueueRegistry)



==============================================================================

Memory Map of the image

  Image Entry point : 0x080000ed

  Load Region LR_IROM1 (Base: 0x08000000, Size: 0x000071e0, Max: 0x00010000, ABSOLUTE, COMPRESSED[0x00006fe8])

    Execution Region ER_IROM1 (Exec base: 0x08000000, Load base: 0x08000000, Size: 0x00006f7c, Max: 0x00010000, ABSOLUTE)

    Exec Addr    Load Addr    Size         Type   Attr      Idx    E Section Name        Object

    0x08000000   0x08000000   0x000000ec   Data   RO            3    RESET               startup_stm32f103xb.o
    0x080000ec   0x080000ec   0x00000008   Code   RO         1766  * !!!main             c_w.l(__main.o)
    0x080000f4   0x080000f4   0x0000005c   Code   RO         1998    !!!scatter          c_w.l(__scatter.o)
    0x08000150   0x08000150   0x0000005a   Code   RO         1996    !!dczerorl2         c_w.l(__dczerorl2.o)
    0x080001aa   0x080001aa   0x00000002   PAD
    0x080001ac   0x080001ac   0x00000002   Code   RO         1999    !!handler_null      c_w.l(__scatter.o)
    0x080001ae   0x080001ae   0x00000002   PAD
    0x080001b0   0x080001b0   0x0000001c   Code   RO         2002    !!handler_zi        c_w.l(__scatter_zi.o)
    0x080001cc   0x080001cc   0x00000002   Code   RO         1858    .ARM.Collect$$libinit$$00000000  c_w.l(libinit.o)
    0x080001ce   0x080001ce   0x00000000   Code   RO         1871    .ARM.Collect$$libinit$$00000002  c_w.l(libinit2.o)
    0x080001ce   0x080001ce   0x00000000   Code   RO         1873    .ARM.Collect$$libinit$$00000004  c_w.l(libinit2.o)
    0x080001ce   0x080001ce   0x00000000   Code   RO         1875    .ARM.Collect$$libinit$$00000006  c_w.l(libinit2.o)
    0x080001ce   0x080001ce   0x00000000   Code   RO         1878    .ARM.Collect$$libinit$$0000000C  c_w.l(libinit2.o)
    0x080001ce   0x080001ce   0x00000000   Code   RO         1880    .ARM.Collect$$libinit$$0000000E  c_w.l(libinit2.o)
    0x080001ce   0x080001ce   0x00000000   Code   RO         1882    .ARM.Collect$$libinit$$00000010  c_w.l(libinit2.o)
    0x080001ce   0x080001ce   0x00000000   Code   RO         1885    .ARM.Collect$$libinit$$00000013  c_w.l(libinit2.o)
    0x080001ce   0x080001ce   0x00000000   Code   RO         1887    .ARM.Collect$$libinit$$00000015  c_w.l(libinit2.o)
    0x080001ce   0x080001ce   0x00000000   Code   RO         1889    .ARM.Collect$$libinit$$00000017  c_w.l(libinit2.o)
    0x080001ce   0x080001ce   0x00000000   Code   RO         1891    .ARM.Collect$$libinit$$00000019  c_w.l(libinit2.o)
    0x080001ce   0x080001ce   0x00000000   Code   RO         1893    .ARM.Collect$$libinit$$0000001B  c_w.l(libinit2.o)
    0x080001ce   0x080001ce   0x00000000   Code   RO         1895    .ARM.Collect$$libinit$$0000001D  c_w.l(libinit2.o)
    0x080001ce   0x080001ce   0x00000000   Code   RO         1897    .ARM.Collect$$libinit$$0000001F  c_w.l(libinit2.o)
    0x080001ce   0x080001ce   0x00000000   Code   RO         1899    .ARM.Collect$$libinit$$00000021  c_w.l(libinit2.o)
    0x080001ce   0x080001ce   0x00000000   Code   RO         1901    .ARM.Collect$$libinit$$00000023  c_w.l(libinit2.o)
    0x080001ce   0x080001ce   0x00000000   Code   RO         1903    .ARM.Collect$$libinit$$00000025  c_w.l(libinit2.o)
    0x080001ce   0x080001ce   0x00000000   Code   RO         1905    .ARM.Collect$$libinit$$00000027  c_w.l(libinit2.o)
    0x080001ce   0x080001ce   0x00000000   Code   RO         1909    .ARM.Collect$$libinit$$0000002E  c_w.l(libinit2.o)
    0x080001ce   0x080001ce   0x00000000   Code   RO         1911    .ARM.Collect$$libinit$$00000030  c_w.l(libinit2.o)
    0x080001ce   0x080001ce   0x00000000   Code   RO         1913    .ARM.Collect$$libinit$$00000032  c_w.l(libinit2.o)
    0x080001ce   0x080001ce   0x00000000   Code   RO         1915    .ARM.Collect$$libinit$$00000034  c_w.l(libinit2.o)
    0x080001ce   0x080001ce   0x00000002   Code   RO         1916    .ARM.Collect$$libinit$$00000035  c_w.l(libinit2.o)
    0x080001d0   0x080001d0   0x00000002   Code   RO         1951    .ARM.Collect$$libshutdown$$00000000  c_w.l(libshutdown.o)
    0x080001d2   0x080001d2   0x00000000   Code   RO         1979    .ARM.Collect$$libshutdown$$00000002  c_w.l(libshutdown2.o)
    0x080001d2   0x080001d2   0x00000000   Code   RO         1981    .ARM.Collect$$libshutdown$$00000004  c_w.l(libshutdown2.o)
    0x080001d2   0x080001d2   0x00000000   Code   RO         1984    .ARM.Collect$$libshutdown$$00000007  c_w.l(libshutdown2.o)
    0x080001d2   0x080001d2   0x00000000   Code   RO         1987    .ARM.Collect$$libshutdown$$0000000A  c_w.l(libshutdown2.o)
    0x080001d2   0x080001d2   0x00000000   Code   RO         1989    .ARM.Collect$$libshutdown$$0000000C  c_w.l(libshutdown2.o)
    0x080001d2   0x080001d2   0x00000000   Code   RO         1992    .ARM.Collect$$libshutdown$$0000000F  c_w.l(libshutdown2.o)
    0x080001d2   0x080001d2   0x00000002   Code   RO         1993    .ARM.Collect$$libshutdown$$00000010  c_w.l(libshutdown2.o)
    0x080001d4   0x080001d4   0x00000000   Code   RO         1802    .ARM.Collect$$rtentry$$00000000  c_w.l(__rtentry.o)
    0x080001d4   0x080001d4   0x00000000   Code   RO         1827    .ARM.Collect$$rtentry$$00000002  c_w.l(__rtentry2.o)
    0x080001d4   0x080001d4   0x00000006   Code   RO         1839    .ARM.Collect$$rtentry$$00000004  c_w.l(__rtentry4.o)
    0x080001da   0x080001da   0x00000000   Code   RO         1829    .ARM.Collect$$rtentry$$00000009  c_w.l(__rtentry2.o)
    0x080001da   0x080001da   0x00000004   Code   RO         1830    .ARM.Collect$$rtentry$$0000000A  c_w.l(__rtentry2.o)
    0x080001de   0x080001de   0x00000000   Code   RO         1832    .ARM.Collect$$rtentry$$0000000C  c_w.l(__rtentry2.o)
    0x080001de   0x080001de   0x00000008   Code   RO         1833    .ARM.Collect$$rtentry$$0000000D  c_w.l(__rtentry2.o)
    0x080001e6   0x080001e6   0x00000002   Code   RO         1862    .ARM.Collect$$rtexit$$00000000  c_w.l(rtexit.o)
    0x080001e8   0x080001e8   0x00000000   Code   RO         1922    .ARM.Collect$$rtexit$$00000002  c_w.l(rtexit2.o)
    0x080001e8   0x080001e8   0x00000004   Code   RO         1923    .ARM.Collect$$rtexit$$00000003  c_w.l(rtexit2.o)
    0x080001ec   0x080001ec   0x00000006   Code   RO         1924    .ARM.Collect$$rtexit$$00000004  c_w.l(rtexit2.o)
    0x080001f2   0x080001f2   0x00000002   PAD
    0x080001f4   0x080001f4   0x00000040   Code   RO            4    .text               startup_stm32f103xb.o
    0x08000234   0x08000234   0x000000f0   Code   RO         1756    .text               c_w.l(lludivv7m.o)
    0x08000324   0x08000324   0x0000008a   Code   RO         1758    .text               c_w.l(rt_memcpy_v6.o)
    0x080003ae   0x080003ae   0x00000006   Code   RO         1764    .text               c_w.l(heapauxi.o)
    0x080003b4   0x080003b4   0x00000064   Code   RO         1807    .text               c_w.l(rt_memcpy_w.o)
    0x08000418   0x08000418   0x0000004a   Code   RO         1845    .text               c_w.l(sys_stackheap_outer.o)
    0x08000462   0x08000462   0x00000012   Code   RO         1847    .text               c_w.l(exit.o)
    0x08000474   0x08000474   0x00000008   Code   RO         1859    .text               c_w.l(libspace.o)
    0x0800047c   0x0800047c   0x0000000c   Code   RO         1917    .text               c_w.l(sys_exit.o)
    0x08000488   0x08000488   0x00000002   Code   RO         1940    .text               c_w.l(use_no_semi.o)
    0x0800048a   0x0800048a   0x00000000   Code   RO         1942    .text               c_w.l(indicate_semi.o)
    0x0800048a   0x0800048a   0x00000002   PAD
    0x0800048c   0x0800048c   0x0000008c   Code   RO         1546    .text.All_Init      all_init.o
    0x08000518   0x08000518   0x00000002   Code   RO          135    .text.BusFault_Handler  stm32f1xx_it.o
    0x0800051a   0x0800051a   0x00000002   PAD
    0x0800051c   0x0800051c   0x00000040   Code   RO         1690    .text.CAN_Filter_Init  can_bsp.o
    0x0800055c   0x0800055c   0x00000010   Code   RO         1720    .text.DBUS_OFFLINE_Check  rui_dbus.o
    0x0800056c   0x0800056c   0x0000003e   Code   RO         1704    .text.DJI_Current_Ctrl  dji_motor.o
    0x080005aa   0x080005aa   0x00000002   PAD
    0x080005ac   0x080005ac   0x0000000c   Code   RO          141    .text.DMA1_Channel3_IRQHandler  stm32f1xx_it.o
    0x080005b8   0x080005b8   0x0000000c   Code   RO          143    .text.DMA1_Channel4_IRQHandler  stm32f1xx_it.o
    0x080005c4   0x080005c4   0x0000000c   Code   RO          145    .text.DMA1_Channel5_IRQHandler  stm32f1xx_it.o
    0x080005d0   0x080005d0   0x0000000c   Code   RO          147    .text.DMA1_Channel6_IRQHandler  stm32f1xx_it.o
    0x080005dc   0x080005dc   0x0000000c   Code   RO          149    .text.DMA1_Channel7_IRQHandler  stm32f1xx_it.o
    0x080005e8   0x080005e8   0x00000052   Code   RO         1667    .text.DWT_GetDeltaT  bsp_dwt.o
    0x0800063a   0x0800063a   0x00000002   PAD
    0x0800063c   0x0800063c   0x000000c2   Code   RO         1675    .text.DWT_GetTimeline_ms  bsp_dwt.o
    0x080006fe   0x080006fe   0x00000002   PAD
    0x08000700   0x08000700   0x00000064   Code   RO         1665    .text.DWT_Init      bsp_dwt.o
    0x08000764   0x08000764   0x00000002   Code   RO          139    .text.DebugMon_Handler  stm32f1xx_it.o
    0x08000766   0x08000766   0x00000002   PAD
    0x08000768   0x08000768   0x0000000a   Code   RO           15    .text.Error_Handler  main.o
    0x08000772   0x08000772   0x00000002   PAD
    0x08000774   0x08000774   0x0000037c   Code   RO         1601    .text.Fuzzy_Rule_Implementation  controller.o
    0x08000af0   0x08000af0   0x00000082   Code   RO         1599    .text.Fuzzy_Rule_Init  controller.o
    0x08000b72   0x08000b72   0x00000002   PAD
    0x08000b74   0x08000b74   0x0000002e   Code   RO          564    .text.HAL_CAN_ActivateNotification  stm32f1xx_hal_can.o
    0x08000ba2   0x08000ba2   0x00000002   PAD
    0x08000ba4   0x08000ba4   0x000000a8   Code   RO          550    .text.HAL_CAN_AddTxMessage  stm32f1xx_hal_can.o
    0x08000c4c   0x08000c4c   0x000000ea   Code   RO          540    .text.HAL_CAN_ConfigFilter  stm32f1xx_hal_can.o
    0x08000d36   0x08000d36   0x00000002   PAD
    0x08000d38   0x08000d38   0x00000002   Code   RO          594    .text.HAL_CAN_ErrorCallback  stm32f1xx_hal_can.o
    0x08000d3a   0x08000d3a   0x00000002   PAD
    0x08000d3c   0x08000d3c   0x0000012a   Code   RO          560    .text.HAL_CAN_GetRxMessage  stm32f1xx_hal_can.o
    0x08000e66   0x08000e66   0x00000002   PAD
    0x08000e68   0x08000e68   0x0000025e   Code   RO          568    .text.HAL_CAN_IRQHandler  stm32f1xx_hal_can.o
    0x080010c6   0x080010c6   0x00000002   PAD
    0x080010c8   0x080010c8   0x000000f4   Code   RO          530    .text.HAL_CAN_Init  stm32f1xx_hal_can.o
    0x080011bc   0x080011bc   0x0000009c   Code   RO           66    .text.HAL_CAN_MspInit  can.o
    0x08001258   0x08001258   0x00000002   Code   RO          582    .text.HAL_CAN_RxFifo0FullCallback  stm32f1xx_hal_can.o
    0x0800125a   0x0800125a   0x00000002   PAD
    0x0800125c   0x0800125c   0x0000005a   Code   RO         1571    .text.HAL_CAN_RxFifo0MsgPendingCallback  irqn.o
    0x080012b6   0x080012b6   0x00000002   PAD
    0x080012b8   0x080012b8   0x00000002   Code   RO          586    .text.HAL_CAN_RxFifo1FullCallback  stm32f1xx_hal_can.o
    0x080012ba   0x080012ba   0x00000002   PAD
    0x080012bc   0x080012bc   0x00000002   Code   RO          588    .text.HAL_CAN_RxFifo1MsgPendingCallback  stm32f1xx_hal_can.o
    0x080012be   0x080012be   0x00000002   PAD
    0x080012c0   0x080012c0   0x00000002   Code   RO          590    .text.HAL_CAN_SleepCallback  stm32f1xx_hal_can.o
    0x080012c2   0x080012c2   0x00000002   PAD
    0x080012c4   0x080012c4   0x0000005a   Code   RO          542    .text.HAL_CAN_Start  stm32f1xx_hal_can.o
    0x0800131e   0x0800131e   0x00000002   PAD
    0x08001320   0x08001320   0x00000002   Code   RO          572    .text.HAL_CAN_TxMailbox0AbortCallback  stm32f1xx_hal_can.o
    0x08001322   0x08001322   0x00000002   PAD
    0x08001324   0x08001324   0x00000002   Code   RO          570    .text.HAL_CAN_TxMailbox0CompleteCallback  stm32f1xx_hal_can.o
    0x08001326   0x08001326   0x00000002   PAD
    0x08001328   0x08001328   0x00000002   Code   RO          576    .text.HAL_CAN_TxMailbox1AbortCallback  stm32f1xx_hal_can.o
    0x0800132a   0x0800132a   0x00000002   PAD
    0x0800132c   0x0800132c   0x00000002   Code   RO          574    .text.HAL_CAN_TxMailbox1CompleteCallback  stm32f1xx_hal_can.o
    0x0800132e   0x0800132e   0x00000002   PAD
    0x08001330   0x08001330   0x00000002   Code   RO          580    .text.HAL_CAN_TxMailbox2AbortCallback  stm32f1xx_hal_can.o
    0x08001332   0x08001332   0x00000002   PAD
    0x08001334   0x08001334   0x00000002   Code   RO          578    .text.HAL_CAN_TxMailbox2CompleteCallback  stm32f1xx_hal_can.o
    0x08001336   0x08001336   0x00000002   PAD
    0x08001338   0x08001338   0x00000002   Code   RO          592    .text.HAL_CAN_WakeUpFromRxMsgCallback  stm32f1xx_hal_can.o
    0x0800133a   0x0800133a   0x00000002   PAD
    0x0800133c   0x0800133c   0x00000046   Code   RO          754    .text.HAL_DMA_Abort  stm32f1xx_hal_dma.o
    0x08001382   0x08001382   0x00000002   PAD
    0x08001384   0x08001384   0x000000b4   Code   RO          756    .text.HAL_DMA_Abort_IT  stm32f1xx_hal_dma.o
    0x08001438   0x08001438   0x000001a0   Code   RO          760    .text.HAL_DMA_IRQHandler  stm32f1xx_hal_dma.o
    0x080015d8   0x080015d8   0x00000086   Code   RO          746    .text.HAL_DMA_Init  stm32f1xx_hal_dma.o
    0x0800165e   0x0800165e   0x00000002   PAD
    0x08001660   0x08001660   0x000000a0   Code   RO          752    .text.HAL_DMA_Start_IT  stm32f1xx_hal_dma.o
    0x08001700   0x08001700   0x0000020e   Code   RO          722    .text.HAL_GPIO_Init  stm32f1xx_hal_gpio.o
    0x0800190e   0x0800190e   0x00000002   PAD
    0x08001910   0x08001910   0x00000010   Code   RO          730    .text.HAL_GPIO_TogglePin  stm32f1xx_hal_gpio.o
    0x08001920   0x08001920   0x0000000a   Code   RO          728    .text.HAL_GPIO_WritePin  stm32f1xx_hal_gpio.o
    0x0800192a   0x0800192a   0x00000002   PAD
    0x0800192c   0x0800192c   0x0000000c   Code   RO          622    .text.HAL_GetTick   stm32f1xx_hal.o
    0x08001938   0x08001938   0x0000001a   Code   RO          620    .text.HAL_IncTick   stm32f1xx_hal.o
    0x08001952   0x08001952   0x00000002   PAD
    0x08001954   0x08001954   0x00000026   Code   RO          610    .text.HAL_Init      stm32f1xx_hal.o
    0x0800197a   0x0800197a   0x00000002   PAD
    0x0800197c   0x0800197c   0x000000b0   Code   RO          182    .text.HAL_InitTick  stm32f1xx_hal_timebase_tim.o
    0x08001a2c   0x08001a2c   0x00000050   Code   RO          172    .text.HAL_MspInit   stm32f1xx_hal_msp.o
    0x08001a7c   0x08001a7c   0x00000022   Code   RO          782    .text.HAL_NVIC_EnableIRQ  stm32f1xx_hal_cortex.o
    0x08001a9e   0x08001a9e   0x00000002   PAD
    0x08001aa0   0x08001aa0   0x00000056   Code   RO          780    .text.HAL_NVIC_SetPriority  stm32f1xx_hal_cortex.o
    0x08001af6   0x08001af6   0x00000002   PAD
    0x08001af8   0x08001af8   0x00000020   Code   RO          778    .text.HAL_NVIC_SetPriorityGrouping  stm32f1xx_hal_cortex.o
    0x08001b18   0x08001b18   0x000001c2   Code   RO          674    .text.HAL_RCC_ClockConfig  stm32f1xx_hal_rcc.o
    0x08001cda   0x08001cda   0x00000002   PAD
    0x08001cdc   0x08001cdc   0x00000042   Code   RO          692    .text.HAL_RCC_GetClockConfig  stm32f1xx_hal_rcc.o
    0x08001d1e   0x08001d1e   0x00000002   PAD
    0x08001d20   0x08001d20   0x00000026   Code   RO          686    .text.HAL_RCC_GetPCLK1Freq  stm32f1xx_hal_rcc.o
    0x08001d46   0x08001d46   0x00000002   PAD
    0x08001d48   0x08001d48   0x00000026   Code   RO          688    .text.HAL_RCC_GetPCLK2Freq  stm32f1xx_hal_rcc.o
    0x08001d6e   0x08001d6e   0x00000002   PAD
    0x08001d70   0x08001d70   0x00000400   Code   RO          672    .text.HAL_RCC_OscConfig  stm32f1xx_hal_rcc.o
    0x08002170   0x08002170   0x00000002   Code   RO          516    .text.HAL_TIMEx_BreakCallback  stm32f1xx_hal_tim_ex.o
    0x08002172   0x08002172   0x00000002   PAD
    0x08002174   0x08002174   0x00000002   Code   RO          512    .text.HAL_TIMEx_CommutCallback  stm32f1xx_hal_tim_ex.o
    0x08002176   0x08002176   0x00000002   PAD
    0x08002178   0x08002178   0x0000007e   Code   RO          506    .text.HAL_TIMEx_MasterConfigSynchronization  stm32f1xx_hal_tim_ex.o
    0x080021f6   0x080021f6   0x00000002   PAD
    0x080021f8   0x080021f8   0x000000fa   Code   RO          211    .text.HAL_TIM_Base_Init  stm32f1xx_hal_tim.o
    0x080022f2   0x080022f2   0x00000002   PAD
    0x080022f4   0x080022f4   0x0000003e   Code   RO           90    .text.HAL_TIM_Base_MspInit  tim.o
    0x08002332   0x08002332   0x00000002   PAD
    0x08002334   0x08002334   0x0000006e   Code   RO          225    .text.HAL_TIM_Base_Start_IT  stm32f1xx_hal_tim.o
    0x080023a2   0x080023a2   0x00000002   PAD
    0x080023a4   0x080023a4   0x000001a0   Code   RO          391    .text.HAL_TIM_ConfigClockSource  stm32f1xx_hal_tim.o
    0x08002544   0x08002544   0x00000002   Code   RO          347    .text.HAL_TIM_IC_CaptureCallback  stm32f1xx_hal_tim.o
    0x08002546   0x08002546   0x00000002   PAD
    0x08002548   0x08002548   0x0000014e   Code   RO          345    .text.HAL_TIM_IRQHandler  stm32f1xx_hal_tim.o
    0x08002696   0x08002696   0x00000002   PAD
    0x08002698   0x08002698   0x00000002   Code   RO          349    .text.HAL_TIM_OC_DelayElapsedCallback  stm32f1xx_hal_tim.o
    0x0800269a   0x0800269a   0x00000002   PAD
    0x0800269c   0x0800269c   0x00000002   Code   RO          351    .text.HAL_TIM_PWM_PulseFinishedCallback  stm32f1xx_hal_tim.o
    0x0800269e   0x0800269e   0x00000002   PAD
    0x080026a0   0x080026a0   0x00000014   Code   RO           17    .text.HAL_TIM_PeriodElapsedCallback  main.o
    0x080026b4   0x080026b4   0x00000002   Code   RO          355    .text.HAL_TIM_TriggerCallback  stm32f1xx_hal_tim.o
    0x080026b6   0x080026b6   0x00000002   PAD
    0x080026b8   0x080026b8   0x00000002   Code   RO         1027    .text.HAL_UARTEx_RxEventCallback  stm32f1xx_hal_uart.o
    0x080026ba   0x080026ba   0x00000002   PAD
    0x080026bc   0x080026bc   0x0000021c   Code   RO          983    .text.HAL_UART_DMAStop  stm32f1xx_hal_uart.o
    0x080028d8   0x080028d8   0x00000002   Code   RO         1025    .text.HAL_UART_ErrorCallback  stm32f1xx_hal_uart.o
    0x080028da   0x080028da   0x00000002   PAD
    0x080028dc   0x080028dc   0x00000570   Code   RO         1019    .text.HAL_UART_IRQHandler  stm32f1xx_hal_uart.o
    0x08002e4c   0x08002e4c   0x000000e2   Code   RO          943    .text.HAL_UART_Init  stm32f1xx_hal_uart.o
    0x08002f2e   0x08002f2e   0x00000002   PAD
    0x08002f30   0x08002f30   0x0000029a   Code   RO          109    .text.HAL_UART_MspInit  usart.o
    0x080031ca   0x080031ca   0x00000002   PAD
    0x080031cc   0x080031cc   0x00000160   Code   RO          975    .text.HAL_UART_Receive_DMA  stm32f1xx_hal_uart.o
    0x0800332c   0x0800332c   0x00000002   Code   RO         1573    .text.HAL_UART_RxCpltCallback  irqn.o
    0x0800332e   0x0800332e   0x00000002   PAD
    0x08003330   0x08003330   0x00000002   Code   RO         1035    .text.HAL_UART_RxHalfCpltCallback  stm32f1xx_hal_uart.o
    0x08003332   0x08003332   0x00000002   PAD
    0x08003334   0x08003334   0x000000b6   Code   RO          967    .text.HAL_UART_Transmit_DMA  stm32f1xx_hal_uart.o
    0x080033ea   0x080033ea   0x00000002   PAD
    0x080033ec   0x080033ec   0x00000002   Code   RO         1029    .text.HAL_UART_TxCpltCallback  stm32f1xx_hal_uart.o
    0x080033ee   0x080033ee   0x00000002   PAD
    0x080033f0   0x080033f0   0x00000002   Code   RO         1031    .text.HAL_UART_TxHalfCpltCallback  stm32f1xx_hal_uart.o
    0x080033f2   0x080033f2   0x00000002   PAD
    0x080033f4   0x080033f4   0x00000002   Code   RO          131    .text.HardFault_Handler  stm32f1xx_it.o
    0x080033f6   0x080033f6   0x00000002   PAD
    0x080033f8   0x080033f8   0x000001fc   Code   RO         1634    .text.MOTOR_PID_Gimbal_INIT  gimbal_task.o
    0x080035f4   0x080035f4   0x00000044   Code   RO           64    .text.MX_CAN_Init   can.o
    0x08003638   0x08003638   0x00000074   Code   RO           79    .text.MX_DMA_Init   dma.o
    0x080036ac   0x080036ac   0x000000dc   Code   RO           42    .text.MX_FREERTOS_Init  freertos.o
    0x08003788   0x08003788   0x00000084   Code   RO           28    .text.MX_GPIO_Init  gpio.o
    0x0800380c   0x0800380c   0x00000074   Code   RO           88    .text.MX_TIM2_Init  tim.o
    0x08003880   0x08003880   0x0000003c   Code   RO          103    .text.MX_USART1_UART_Init  usart.o
    0x080038bc   0x080038bc   0x0000003c   Code   RO          105    .text.MX_USART2_UART_Init  usart.o
    0x080038f8   0x080038f8   0x00000048   Code   RO          107    .text.MX_USART3_UART_Init  usart.o
    0x08003940   0x08003940   0x00000002   Code   RO          133    .text.MemManage_Handler  stm32f1xx_it.o
    0x08003942   0x08003942   0x00000002   PAD
    0x08003944   0x08003944   0x00000026   Code   RO         1706    .text.MotorResolve  dji_motor.o
    0x0800396a   0x0800396a   0x00000002   PAD
    0x0800396c   0x0800396c   0x0000002e   Code   RO         1708    .text.MotorRoundResolve  dji_motor.o
    0x0800399a   0x0800399a   0x00000002   PAD
    0x0800399c   0x0800399c   0x00000002   Code   RO          129    .text.NMI_Handler   stm32f1xx_it.o
    0x0800399e   0x0800399e   0x00000002   PAD
    0x080039a0   0x080039a0   0x000003bc   Code   RO         1607    .text.PID_Calculate  controller.o
    0x08003d5c   0x08003d5c   0x00000046   Code   RO         1603    .text.PID_Init      controller.o
    0x08003da2   0x08003da2   0x0000000e   PAD
    0x08003db0   0x08003db0   0x00000044   Code   RO         1530    .text.PendSV_Handler  port.o
    0x08003df4   0x08003df4   0x00000056   Code   RO         1718    .text.RUI_F_DUBS_Resovled  rui_dbus.o
    0x08003e4a   0x08003e4a   0x00000002   PAD
    0x08003e4c   0x08003e4c   0x00000170   Code   RO         1656    .text.RobotTask     robot.o
    0x08003fbc   0x08003fbc   0x00000004   PAD
    0x08003fc0   0x08003fc0   0x00000024   Code   RO         1516    .text.SVC_Handler   port.o
    0x08003fe4   0x08003fe4   0x00000020   Code   RO         1558    .text.StartDefaultTask  all_task.o
    0x08004004   0x08004004   0x0000010a   Code   RO         1560    .text.StartGimbalTask  all_task.o
    0x0800410e   0x0800410e   0x00000002   PAD
    0x08004110   0x08004110   0x00000042   Code   RO         1562    .text.StartMonitorTask  all_task.o
    0x08004152   0x08004152   0x00000002   PAD
    0x08004154   0x08004154   0x0000002e   Code   RO         1532    .text.SysTick_Handler  port.o
    0x08004182   0x08004182   0x00000002   PAD
    0x08004184   0x08004184   0x00000002   Code   RO         1063    .text.SystemInit    system_stm32f1xx.o
    0x08004186   0x08004186   0x00000002   PAD
    0x08004188   0x08004188   0x0000000c   Code   RO          155    .text.TIM1_UP_IRQHandler  stm32f1xx_it.o
    0x08004194   0x08004194   0x0000000c   Code   RO          157    .text.TIM2_IRQHandler  stm32f1xx_it.o
    0x080041a0   0x080041a0   0x0000000c   Code   RO         1023    .text.UART_DMAAbortOnError  stm32f1xx_hal_uart.o
    0x080041ac   0x080041ac   0x0000017c   Code   RO          973    .text.UART_DMAError  stm32f1xx_hal_uart.o
    0x08004328   0x08004328   0x0000015e   Code   RO         1051    .text.UART_DMAReceiveCplt  stm32f1xx_hal_uart.o
    0x08004486   0x08004486   0x00000002   PAD
    0x08004488   0x08004488   0x00000018   Code   RO         1053    .text.UART_DMARxHalfCplt  stm32f1xx_hal_uart.o
    0x080044a0   0x080044a0   0x000000b0   Code   RO          969    .text.UART_DMATransmitCplt  stm32f1xx_hal_uart.o
    0x08004550   0x08004550   0x00000006   Code   RO          971    .text.UART_DMATxHalfCplt  stm32f1xx_hal_uart.o
    0x08004556   0x08004556   0x00000002   PAD
    0x08004558   0x08004558   0x000000fe   Code   RO         1021    .text.UART_Receive_IT  stm32f1xx_hal_uart.o
    0x08004656   0x08004656   0x00000002   PAD
    0x08004658   0x08004658   0x0000001a   Code   RO          159    .text.USART1_IRQHandler  stm32f1xx_it.o
    0x08004672   0x08004672   0x00000002   PAD
    0x08004674   0x08004674   0x0000001a   Code   RO          161    .text.USART2_IRQHandler  stm32f1xx_it.o
    0x0800468e   0x0800468e   0x00000002   PAD
    0x08004690   0x08004690   0x0000001a   Code   RO          163    .text.USART3_IRQHandler  stm32f1xx_it.o
    0x080046aa   0x080046aa   0x00000002   PAD
    0x080046ac   0x080046ac   0x0000000c   Code   RO          151    .text.USB_HP_CAN1_TX_IRQHandler  stm32f1xx_it.o
    0x080046b8   0x080046b8   0x0000000c   Code   RO          153    .text.USB_LP_CAN1_RX0_IRQHandler  stm32f1xx_it.o
    0x080046c4   0x080046c4   0x00000002   Code   RO          137    .text.UsageFault_Handler  stm32f1xx_it.o
    0x080046c6   0x080046c6   0x00000002   PAD
    0x080046c8   0x080046c8   0x000000c4   Code   RO         1575    .text.User_IRQHandler  irqn.o
    0x0800478c   0x0800478c   0x00000044   Code   RO         1745    .text.VOFA_justfloat  vofa.o
    0x080047d0   0x080047d0   0x00000024   Code   RO         1734    .text.Vision_Monitor  vision.o
    0x080047f4   0x080047f4   0x00000040   Code   RO         1730    .text.Vision_Rx_Data  vision.o
    0x08004834   0x08004834   0x000000f8   Code   RO         1732    .text.Vision_Tx_Data  vision.o
    0x0800492c   0x0800492c   0x0000001c   Code   RO         1692    .text.canx_send_data  can_bsp.o
    0x08004948   0x08004948   0x000000a6   Code   RO         1638    .text.gimbal_task   gimbal_task.o
    0x080049ee   0x080049ee   0x00000002   PAD
    0x080049f0   0x080049f0   0x00000086   Code   RO           11    .text.main          main.o
    0x08004a76   0x08004a76   0x00000002   PAD
    0x08004a78   0x08004a78   0x00000010   Code   RO         1393    .text.osDelay       cmsis_os.o
    0x08004a88   0x08004a88   0x0000000a   Code   RO         1375    .text.osKernelStart  cmsis_os.o
    0x08004a92   0x08004a92   0x00000002   PAD
    0x08004a94   0x08004a94   0x00000010   Code   RO         1407    .text.osMutexCreate  cmsis_os.o
    0x08004aa4   0x08004aa4   0x0000005c   Code   RO         1381    .text.osThreadCreate  cmsis_os.o
    0x08004b00   0x08004b00   0x0000007e   Code   RO         1244    .text.prvAddCurrentTaskToDelayedList  tasks.o
    0x08004b7e   0x08004b7e   0x00000002   PAD
    0x08004b80   0x08004b80   0x000000f4   Code   RO         1236    .text.prvAddNewTaskToReadyList  tasks.o
    0x08004c74   0x08004c74   0x00000026   Code   RO         1260    .text.prvIdleTask   tasks.o
    0x08004c9a   0x08004c9a   0x00000002   PAD
    0x08004c9c   0x08004c9c   0x00000118   Code   RO         1234    .text.prvInitialiseNewTask  tasks.o
    0x08004db4   0x08004db4   0x00000020   Code   RO         1522    .text.prvPortStartFirstTask  port.o
    0x08004dd4   0x08004dd4   0x0000003e   Code   RO         1514    .text.prvTaskExitError  port.o
    0x08004e12   0x08004e12   0x00000002   PAD
    0x08004e14   0x08004e14   0x00000376   Code   RO         1335    .text.prvTimerTask  timers.o
    0x0800518a   0x0800518a   0x00000002   PAD
    0x0800518c   0x0800518c   0x00000074   Code   RO         1147    .text.prvUnlockQueue  queue.o
    0x08005200   0x08005200   0x000001f2   Code   RO         1490    .text.pvPortMalloc  heap_4.o
    0x080053f2   0x080053f2   0x00000002   PAD
    0x080053f4   0x080053f4   0x00000020   Code   RO         1512    .text.pxPortInitialiseStack  port.o
    0x08005414   0x08005414   0x00000024   Code   RO         1115    .text.uxListRemove  list.o
    0x08005438   0x08005438   0x0000001a   Code   RO           38    .text.vApplicationGetIdleTaskMemory  freertos.o
    0x08005452   0x08005452   0x00000002   PAD
    0x08005454   0x08005454   0x0000001c   Code   RO           40    .text.vApplicationGetTimerTaskMemory  freertos.o
    0x08005470   0x08005470   0x00000016   Code   RO         1107    .text.vListInitialise  list.o
    0x08005486   0x08005486   0x00000002   PAD
    0x08005488   0x08005488   0x00000006   Code   RO         1109    .text.vListInitialiseItem  list.o
    0x0800548e   0x0800548e   0x00000002   PAD
    0x08005490   0x08005490   0x00000062   Code   RO         1113    .text.vListInsert   list.o
    0x080054f2   0x080054f2   0x00000002   PAD
    0x080054f4   0x080054f4   0x0000001c   Code   RO         1111    .text.vListInsertEnd  list.o
    0x08005510   0x08005510   0x00000046   Code   RO         1526    .text.vPortEnterCritical  port.o
    0x08005556   0x08005556   0x00000002   PAD
    0x08005558   0x08005558   0x0000002e   Code   RO         1528    .text.vPortExitCritical  port.o
    0x08005586   0x08005586   0x00000002   PAD
    0x08005588   0x08005588   0x000000d4   Code   RO         1492    .text.vPortFree     heap_4.o
    0x0800565c   0x0800565c   0x00000034   Code   RO         1520    .text.vPortSetupTimerInterrupt  port.o
    0x08005690   0x08005690   0x000000b0   Code   RO         1175    .text.vQueueAddToRegistry  queue.o
    0x08005740   0x08005740   0x00000052   Code   RO         1179    .text.vQueueWaitForMessageRestricted  queue.o
    0x08005792   0x08005792   0x00000002   PAD
    0x08005794   0x08005794   0x0000009e   Code   RO         1248    .text.vTaskDelay    tasks.o
    0x08005832   0x08005832   0x00000002   PAD
    0x08005834   0x08005834   0x00000012   Code   RO         1288    .text.vTaskInternalSetTimeOutState  tasks.o
    0x08005846   0x08005846   0x00000002   PAD
    0x08005848   0x08005848   0x0000000e   Code   RO         1292    .text.vTaskMissedYield  tasks.o
    0x08005856   0x08005856   0x00000002   PAD
    0x08005858   0x08005858   0x00000036   Code   RO         1276    .text.vTaskPlaceOnEventList  tasks.o
    0x0800588e   0x0800588e   0x00000002   PAD
    0x08005890   0x08005890   0x0000008e   Code   RO         1280    .text.vTaskPlaceOnEventListRestricted  tasks.o
    0x0800591e   0x0800591e   0x00000002   PAD
    0x08005920   0x08005920   0x000000f0   Code   RO         1258    .text.vTaskStartScheduler  tasks.o
    0x08005a10   0x08005a10   0x00000010   Code   RO         1242    .text.vTaskSuspendAll  tasks.o
    0x08005a20   0x08005a20   0x0000006e   Code   RO         1252    .text.vTaskSwitchContext  tasks.o
    0x08005a8e   0x08005a8e   0x00000002   PAD
    0x08005a90   0x08005a90   0x00000130   Code   RO         1518    .text.xPortStartScheduler  port.o
    0x08005bc0   0x08005bc0   0x0000006a   Code   RO         1131    .text.xQueueCreateMutex  queue.o
    0x08005c2a   0x08005c2a   0x00000002   PAD
    0x08005c2c   0x08005c2c   0x0000009a   Code   RO         1133    .text.xQueueCreateMutexStatic  queue.o
    0x08005cc6   0x08005cc6   0x00000002   PAD
    0x08005cc8   0x08005cc8   0x000000d6   Code   RO         1127    .text.xQueueGenericCreateStatic  queue.o
    0x08005d9e   0x08005d9e   0x00000002   PAD
    0x08005da0   0x08005da0   0x000002bc   Code   RO         1137    .text.xQueueGenericSend  queue.o
    0x0800605c   0x0800605c   0x0000023e   Code   RO         1153    .text.xQueueReceive  queue.o
    0x0800629a   0x0800629a   0x00000002   PAD
    0x0800629c   0x0800629c   0x00000096   Code   RO         1290    .text.xTaskCheckForTimeOut  tasks.o
    0x08006332   0x08006332   0x00000002   PAD
    0x08006334   0x08006334   0x00000060   Code   RO         1238    .text.xTaskCreate   tasks.o
    0x08006394   0x08006394   0x00000076   Code   RO         1232    .text.xTaskCreateStatic  tasks.o
    0x0800640a   0x0800640a   0x00000002   PAD
    0x0800640c   0x0800640c   0x0000001e   Code   RO         1296    .text.xTaskGetSchedulerState  tasks.o
    0x0800642a   0x0800642a   0x00000002   PAD
    0x0800642c   0x0800642c   0x0000000c   Code   RO         1266    .text.xTaskGetTickCount  tasks.o
    0x08006438   0x08006438   0x00000106   Code   RO         1264    .text.xTaskIncrementTick  tasks.o
    0x0800653e   0x0800653e   0x00000002   PAD
    0x08006540   0x08006540   0x000000b6   Code   RO         1300    .text.xTaskPriorityDisinherit  tasks.o
    0x080065f6   0x080065f6   0x00000002   PAD
    0x080065f8   0x080065f8   0x00000074   Code   RO         1282    .text.xTaskRemoveFromEventList  tasks.o
    0x0800666c   0x0800666c   0x000000ea   Code   RO         1246    .text.xTaskResumeAll  tasks.o
    0x08006756   0x08006756   0x00000002   PAD
    0x08006758   0x08006758   0x000000b4   Code   RO         1333    .text.xTimerCreateTimerTask  timers.o
    0x0800680c   0x0800680c   0x000000c4   Code   RO         1778    x$fpl$fadd          fz_ws.l(faddsub_clz.o)
    0x080068d0   0x080068d0   0x00000054   Code   RO         1784    x$fpl$fcmp          fz_ws.l(fcmp.o)
    0x08006924   0x08006924   0x00000018   Code   RO         1843    x$fpl$fcmpinf       fz_ws.l(fcmpi.o)
    0x0800693c   0x0800693c   0x00000184   Code   RO         1787    x$fpl$fdiv          fz_ws.l(fdiv.o)
    0x08006ac0   0x08006ac0   0x00000068   Code   RO         1815    x$fpl$feqf          fz_ws.l(feqf.o)
    0x08006b28   0x08006b28   0x00000036   Code   RO         1790    x$fpl$ffix          fz_ws.l(ffix.o)
    0x08006b5e   0x08006b5e   0x00000002   PAD
    0x08006b60   0x08006b60   0x00000030   Code   RO         1795    x$fpl$fflt          fz_ws.l(fflt_clz.o)
    0x08006b90   0x08006b90   0x00000026   Code   RO         1794    x$fpl$ffltu         fz_ws.l(fflt_clz.o)
    0x08006bb6   0x08006bb6   0x00000002   PAD
    0x08006bb8   0x08006bb8   0x00000068   Code   RO         1817    x$fpl$fgeqf         fz_ws.l(fgeqf.o)
    0x08006c20   0x08006c20   0x00000068   Code   RO         1819    x$fpl$fleqf         fz_ws.l(fleqf.o)
    0x08006c88   0x08006c88   0x00000102   Code   RO         1800    x$fpl$fmul          fz_ws.l(fmul.o)
    0x08006d8a   0x08006d8a   0x0000008c   Code   RO         1821    x$fpl$fnaninf       fz_ws.l(fnaninf.o)
    0x08006e16   0x08006e16   0x0000000a   Code   RO         1823    x$fpl$fretinf       fz_ws.l(fretinf.o)
    0x08006e20   0x08006e20   0x000000ea   Code   RO         1780    x$fpl$fsub          fz_ws.l(faddsub_clz.o)
    0x08006f0a   0x08006f0a   0x00000000   Code   RO         1825    x$fpl$usenofp       fz_ws.l(usenofp.o)
    0x08006f0a   0x08006f0a   0x00000010   Data   RO         1068    .rodata.AHBPrescTable  system_stm32f1xx.o
    0x08006f1a   0x08006f1a   0x00000008   Data   RO         1069    .rodata.APBPrescTable  system_stm32f1xx.o
    0x08006f22   0x08006f22   0x00000002   Data   RO          699    .rodata.HAL_RCC_GetSysClockFreq.aPredivFactorTable  stm32f1xx_hal_rcc.o
    0x08006f24   0x08006f24   0x00000010   Data   RO          698    .rodata.cst16       stm32f1xx_hal_rcc.o
    0x08006f34   0x08006f34   0x00000023   Data   RO           54    .rodata.str1.1      freertos.o
    0x08006f57   0x08006f57   0x00000005   Data   RO         1365    .rodata.str1.1      timers.o
    0x08006f5c   0x08006f5c   0x00000020   Data   RO         1995    Region$$Table       anon$$obj.o


    Execution Region RW_IRAM1 (Exec base: 0x20000000, Load base: 0x08006f80, Size: 0x00002a78, Max: 0x00005000, ABSOLUTE, COMPRESSED[0x00000068])

    Exec Addr    Load Addr    Size         Type   Attr      Idx    E Section Name        Object

    0x20000000   COMPRESSED   0x00000008   Data   RW          661    .data..L_MergedGlobals  stm32f1xx_hal.o
    0x20000008   COMPRESSED   0x000000c4   Data   RW         1611    .data.FuzzyRuleKdRAW  controller.o
    0x200000cc   COMPRESSED   0x000000c4   Data   RW         1610    .data.FuzzyRuleKiRAW  controller.o
    0x20000190   COMPRESSED   0x000000c4   Data   RW         1609    .data.FuzzyRuleKpRAW  controller.o
    0x20000254   COMPRESSED   0x00000004   Data   RW         1067    .data.SystemCoreClock  system_stm32f1xx.o
    0x20000258   COMPRESSED   0x00000004   Data   RW         1536    .data.uxCriticalNesting  port.o
    0x2000025c   COMPRESSED   0x00000004   PAD
    0x20000260        -       0x00000060   Zero   RW         1860    .bss                c_w.l(libspace.o)
    0x200002c0        -       0x00000010   Zero   RW           55    .bss..L_MergedGlobals  freertos.o
    0x200002d0        -       0x00000074   Zero   RW         1324    .bss..L_MergedGlobals  tasks.o
    0x20000344        -       0x0000003c   Zero   RW         1366    .bss..L_MergedGlobals  timers.o
    0x20000380        -       0x00000020   Zero   RW         1503    .bss..L_MergedGlobals  heap_4.o
    0x200003a0        -       0x00000008   Zero   RW         1537    .bss..L_MergedGlobals  port.o
    0x200003a8        -       0x0000004c   Zero   RW         1551    .bss..L_MergedGlobals  all_init.o
    0x200003f4   COMPRESSED   0x00000004   PAD
    0x200003f8        -       0x00000028   Zero   RW         1681    .bss..L_MergedGlobals  bsp_dwt.o
    0x20000420        -       0x00000038   Zero   RW         1549    .bss.ALL_CONTAL     all_init.o
    0x20000458        -       0x00000780   Zero   RW         1550    .bss.ALL_MOTOR      all_init.o
    0x20000bd8        -       0x00000010   Zero   RW         1548    .bss.DBUS_V_DATA    all_init.o
    0x20000be8        -       0x00000040   Zero   RW         1644    .bss.MOTOR_PID_Gimbal_INIT.FuzzyRule_Pitch_Pos  gimbal_task.o
    0x20000c28        -       0x00000040   Zero   RW         1645    .bss.MOTOR_PID_Gimbal_INIT.FuzzyRule_Pitch_Spd  gimbal_task.o
    0x20000c68        -       0x00000040   Zero   RW         1646    .bss.MOTOR_PID_Gimbal_INIT.FuzzyRule_Yaw_Pos  gimbal_task.o
    0x20000ca8        -       0x00000040   Zero   RW         1647    .bss.MOTOR_PID_Gimbal_INIT.FuzzyRule_Yaw_Spd  gimbal_task.o
    0x20000ce8        -       0x00000030   Zero   RW         1736    .bss.Vision_Tx_Data.VisionTxData  vision.o
    0x20000d18        -       0x0000002c   Zero   RW         1747    .bss.data           vofa.o
    0x20000d44        -       0x00000028   Zero   RW           70    .bss.hcan           can.o
    0x20000d6c        -       0x00000044   Zero   RW          116    .bss.hdma_usart1_rx  usart.o
    0x20000db0        -       0x00000044   Zero   RW          117    .bss.hdma_usart1_tx  usart.o
    0x20000df4        -       0x00000044   Zero   RW          119    .bss.hdma_usart2_rx  usart.o
    0x20000e38        -       0x00000044   Zero   RW          118    .bss.hdma_usart2_tx  usart.o
    0x20000e7c        -       0x00000044   Zero   RW          120    .bss.hdma_usart3_rx  usart.o
    0x20000ec0        -       0x00000048   Zero   RW          188    .bss.htim1          stm32f1xx_hal_timebase_tim.o
    0x20000f08        -       0x00000048   Zero   RW           94    .bss.htim2          tim.o
    0x20000f50        -       0x00000048   Zero   RW          113    .bss.huart1         usart.o
    0x20000f98        -       0x00000048   Zero   RW          114    .bss.huart2         usart.o
    0x20000fe0        -       0x00000048   Zero   RW          115    .bss.huart3         usart.o
    0x20001028        -       0x00000078   Zero   RW         1364    .bss.prvCheckForValidListAndQueue.ucStaticTimerQueueStorage  timers.o
    0x200010a0        -       0x00000048   Zero   RW         1363    .bss.prvCheckForValidListAndQueue.xStaticTimerQueue  timers.o
    0x200010e8        -       0x0000008c   Zero   RW         1322    .bss.pxReadyTasksLists  tasks.o
    0x20001174        -       0x00000c00   Zero   RW         1502    .bss.ucHeap         heap_4.o
    0x20001d74        -       0x00000004   Zero   RW          660    .bss.uwTick         stm32f1xx_hal.o
    0x20001d78        -       0x00000014   Zero   RW         1323    .bss.xDelayedTaskList2  tasks.o
    0x20001d8c        -       0x00000200   Zero   RW           51    .bss.xIdleStack     freertos.o
    0x20001f8c        -       0x00000054   Zero   RW           50    .bss.xIdleTaskTCBBuffer  freertos.o
    0x20001fe0        -       0x00000040   Zero   RW         1181    .bss.xQueueRegistry  queue.o
    0x20002020        -       0x00000400   Zero   RW           53    .bss.xTimerStack    freertos.o
    0x20002420        -       0x00000054   Zero   RW           52    .bss.xTimerTaskTCBBuffer  freertos.o
    0x20002474   COMPRESSED   0x00000004   PAD
    0x20002478        -       0x00000200   Zero   RW            2    HEAP                startup_stm32f103xb.o
    0x20002678        -       0x00000400   Zero   RW            1    STACK               startup_stm32f103xb.o


==============================================================================

Image component sizes


      Code (inc. data)   RO Data    RW Data    ZI Data      Debug   Object Name

       140          0          0          0       2068       5960   all_init.o
       364          0          0          0          0       1742   all_task.o
       376          0          0          0         40       4767   bsp_dwt.o
       224          0          0          0         40       5125   can.o
        92          0          0          0          0       4222   can_bsp.o
       134          0          0          0          0      25870   cmsis_os.o
      2048          0          0        588          0       6827   controller.o
       146          0          0          0          0       5293   dji_motor.o
       116          0          0          0          0       2184   dma.o
       274         84         35          0       1720       4839   freertos.o
       674          0          0          0        256       4751   gimbal_task.o
       132          0          0          0          0       1671   gpio.o
       710          0          0          0       3104       5706   heap_4.o
       288          0          0          0          0       5829   irqn.o
       190          0          0          0          0       2321   list.o
       164          0          0          0          0       6168   main.o
       748         12          0          4          8       4133   port.o
      2122          0          0          0         64      27785   queue.o
       368          0          0          0          0       1935   robot.o
       102          0          0          0          0       2130   rui_dbus.o
        64         26        236          0       1536        800   startup_stm32f103xb.o
        76          0          0          8          4       5753   stm32f1xx_hal.o
      1710          6          0          0          0      13618   stm32f1xx_hal_can.o
       152          0          0          0          0       8444   stm32f1xx_hal_cortex.o
       960          0          0          0          0       8483   stm32f1xx_hal_dma.o
       552         20          0          0          0       4626   stm32f1xx_hal_gpio.o
        80          0          0          0          0       2377   stm32f1xx_hal_msp.o
      1616          0         18          0          0       7934   stm32f1xx_hal_rcc.o
      1118          0          0          0          0      55869   stm32f1xx_hal_tim.o
       130          0          0          0          0      20483   stm32f1xx_hal_tim_ex.o
       176          0          0          0         72       5752   stm32f1xx_hal_timebase_tim.o
      3904          0          0          0          0      32519   stm32f1xx_hal_uart.o
       198          0          0          0          0       7967   stm32f1xx_it.o
         2          0         24          4          0       1591   system_stm32f1xx.o
      2640          8          0          0        276      27292   tasks.o
       178          0          0          0         72       5912   tim.o
      1066         18          5          0        252      14858   timers.o
       858          0          0          0        556       6497   usart.o
       348          0          0          0         48       7201   vision.o
        68          0          0          0         44       3746   vofa.o

    ----------------------------------------------------------------------
     25536        174        350        604      10172     370980   Object Totals
         0          0         32          0          0          0   (incl. Generated)
       228          0          0          0         12          0   (incl. Padding)

    ----------------------------------------------------------------------

      Code (inc. data)   RO Data    RW Data    ZI Data      Debug   Library Member Name

        90          0          0          0          0          0   __dczerorl2.o
         8          0          0          0          0         68   __main.o
         0          0          0          0          0          0   __rtentry.o
        12          0          0          0          0          0   __rtentry2.o
         6          0          0          0          0          0   __rtentry4.o
        94          8          0          0          0          0   __scatter.o
        28          0          0          0          0          0   __scatter_zi.o
        18          0          0          0          0         80   exit.o
         6          0          0          0          0        152   heapauxi.o
         0          0          0          0          0          0   indicate_semi.o
         2          0          0          0          0          0   libinit.o
         2          0          0          0          0          0   libinit2.o
         2          0          0          0          0          0   libshutdown.o
         2          0          0          0          0          0   libshutdown2.o
         8          4          0          0         96         68   libspace.o
       240          0          0          0          0        100   lludivv7m.o
       138          0          0          0          0         68   rt_memcpy_v6.o
       100          0          0          0          0         80   rt_memcpy_w.o
         2          0          0          0          0          0   rtexit.o
        10          0          0          0          0          0   rtexit2.o
        12          4          0          0          0         68   sys_exit.o
        74          0          0          0          0         80   sys_stackheap_outer.o
         2          0          0          0          0         68   use_no_semi.o
       430          8          0          0          0        168   faddsub_clz.o
        84          0          0          0          0        196   fcmp.o
        24          0          0          0          0         68   fcmpi.o
       388         76          0          0          0         96   fdiv.o
       104          4          0          0          0         84   feqf.o
        54          4          0          0          0         84   ffix.o
        86          0          0          0          0        136   fflt_clz.o
       104          4          0          0          0         84   fgeqf.o
       104          4          0          0          0         84   fleqf.o
       258          4          0          0          0         84   fmul.o
       140          4          0          0          0         84   fnaninf.o
        10          0          0          0          0         68   fretinf.o
         0          0          0          0          0          0   usenofp.o

    ----------------------------------------------------------------------
      2654        124          0          0         96       2068   Library Totals
        12          0          0          0          0          0   (incl. Padding)

    ----------------------------------------------------------------------

      Code (inc. data)   RO Data    RW Data    ZI Data      Debug   Library Name

       856         16          0          0         96        832   c_w.l
      1786        108          0          0          0       1236   fz_ws.l

    ----------------------------------------------------------------------
      2654        124          0          0         96       2068   Library Totals

    ----------------------------------------------------------------------

==============================================================================


      Code (inc. data)   RO Data    RW Data    ZI Data      Debug   

     28190        298        350        604      10268     371364   Grand Totals
     28190        298        350        104      10268     371364   ELF Image Totals (compressed)
     28190        298        350        104          0          0   ROM Totals

==============================================================================

    Total RO  Size (Code + RO Data)                28540 (  27.87kB)
    Total RW  Size (RW Data + ZI Data)             10872 (  10.62kB)
    Total ROM Size (Code + RO Data + RW Data)      28644 (  27.97kB)

==============================================================================

